[2025-12-24T10:35:31.628-0500][gc] Using G1
[2025-12-24T10:35:31.636-0500][gc,init] Version: 17.0.17+10-Ubuntu-124.04 (release)
[2025-12-24T10:35:31.636-0500][gc,init] CPUs: 64 total, 64 available
[2025-12-24T10:35:31.636-0500][gc,init] Memory: 251G
[2025-12-24T10:35:31.636-0500][gc,init] Large Page Support: Disabled
[2025-12-24T10:35:31.637-0500][gc,init] NUMA Support: Disabled
[2025-12-24T10:35:31.637-0500][gc,init] Compressed Oops: Enabled (32-bit)
[2025-12-24T10:35:31.637-0500][gc,init] Heap Region Size: 1M
[2025-12-24T10:35:31.637-0500][gc,init] Heap Min Capacity: 1G
[2025-12-24T10:35:31.637-0500][gc,init] Heap Initial Capacity: 1G
[2025-12-24T10:35:31.637-0500][gc,init] Heap Max Capacity: 1G
[2025-12-24T10:35:31.637-0500][gc,init] Pre-touch: Disabled
[2025-12-24T10:35:31.637-0500][gc,init] Parallel Workers: 43
[2025-12-24T10:35:31.637-0500][gc,init] Concurrent Workers: 11
[2025-12-24T10:35:31.637-0500][gc,init] Concurrent Refinement Workers: 43
[2025-12-24T10:35:31.637-0500][gc,init] Periodic GC: Disabled
[2025-12-24T10:35:31.643-0500][gc,metaspace] CDS archive(s) mapped at: [0x00007aa80f000000-0x00007aa80fbca000-0x00007aa80fbca000), size 12361728, SharedBaseAddress: 0x00007aa80f000000, ArchiveRelocationMode: 1.
[2025-12-24T10:35:31.643-0500][gc,metaspace] Compressed class space mapped at: 0x00007aa810000000-0x00007aa850000000, reserved size: 1073741824
[2025-12-24T10:35:31.643-0500][gc,metaspace] Narrow klass base: 0x00007aa80f000000, Narrow klass shift: 0, Narrow klass range: 0x100000000
[2025-12-24T10:35:32.341-0500][gc,start    ] GC(0) Pause Young (Normal) (G1 Evacuation Pause)
[2025-12-24T10:35:32.343-0500][gc,task     ] GC(0) Using 24 workers of 43 for evacuation
[2025-12-24T10:35:32.349-0500][gc,phases   ] GC(0)   Pre Evacuate Collection Set: 0.1ms
[2025-12-24T10:35:32.349-0500][gc,phases   ] GC(0)   Merge Heap Roots: 0.1ms
[2025-12-24T10:35:32.349-0500][gc,phases   ] GC(0)   Evacuate Collection Set: 4.5ms
[2025-12-24T10:35:32.349-0500][gc,phases   ] GC(0)   Post Evacuate Collection Set: 0.8ms
[2025-12-24T10:35:32.349-0500][gc,phases   ] GC(0)   Other: 2.1ms
[2025-12-24T10:35:32.349-0500][gc,heap     ] GC(0) Eden regions: 51->0(44)
[2025-12-24T10:35:32.349-0500][gc,heap     ] GC(0) Survivor regions: 0->7(7)
[2025-12-24T10:35:32.349-0500][gc,heap     ] GC(0) Old regions: 0->2
[2025-12-24T10:35:32.349-0500][gc,heap     ] GC(0) Archive regions: 2->2
[2025-12-24T10:35:32.349-0500][gc,heap     ] GC(0) Humongous regions: 0->0
[2025-12-24T10:35:32.349-0500][gc,metaspace] GC(0) Metaspace: 17013K(17280K)->17013K(17280K) NonClass: 14976K(15104K)->14976K(15104K) Class: 2037K(2176K)->2037K(2176K)
[2025-12-24T10:35:32.349-0500][gc          ] GC(0) Pause Young (Normal) (G1 Evacuation Pause) 51M->9M(1024M) 7.689ms
[2025-12-24T10:35:32.349-0500][gc,cpu      ] GC(0) User=0.08s Sys=0.02s Real=0.01s
[2025-12-24T10:35:32.460-0500][gc,start    ] GC(1) Pause Young (Concurrent Start) (Metadata GC Threshold)
[2025-12-24T10:35:32.460-0500][gc,task     ] GC(1) Using 24 workers of 43 for evacuation
[2025-12-24T10:35:32.463-0500][gc,phases   ] GC(1)   Pre Evacuate Collection Set: 0.1ms
[2025-12-24T10:35:32.463-0500][gc,phases   ] GC(1)   Merge Heap Roots: 0.1ms
[2025-12-24T10:35:32.463-0500][gc,phases   ] GC(1)   Evacuate Collection Set: 1.8ms
[2025-12-24T10:35:32.463-0500][gc,phases   ] GC(1)   Post Evacuate Collection Set: 0.4ms
[2025-12-24T10:35:32.463-0500][gc,phases   ] GC(1)   Other: 0.4ms
[2025-12-24T10:35:32.463-0500][gc,heap     ] GC(1) Eden regions: 14->0(49)
[2025-12-24T10:35:32.463-0500][gc,heap     ] GC(1) Survivor regions: 7->2(7)
[2025-12-24T10:35:32.463-0500][gc,heap     ] GC(1) Old regions: 2->9
[2025-12-24T10:35:32.463-0500][gc,heap     ] GC(1) Archive regions: 2->2
[2025-12-24T10:35:32.463-0500][gc,heap     ] GC(1) Humongous regions: 0->0
[2025-12-24T10:35:32.463-0500][gc,metaspace] GC(1) Metaspace: 21257K(21504K)->21257K(21504K) NonClass: 18953K(19072K)->18953K(19072K) Class: 2303K(2432K)->2303K(2432K)
[2025-12-24T10:35:32.463-0500][gc          ] GC(1) Pause Young (Concurrent Start) (Metadata GC Threshold) 23M->10M(1024M) 2.666ms
[2025-12-24T10:35:32.463-0500][gc,cpu      ] GC(1) User=0.03s Sys=0.01s Real=0.00s
[2025-12-24T10:35:32.463-0500][gc          ] GC(2) Concurrent Mark Cycle
[2025-12-24T10:35:32.463-0500][gc,marking  ] GC(2) Concurrent Clear Claimed Marks
[2025-12-24T10:35:32.463-0500][gc,marking  ] GC(2) Concurrent Clear Claimed Marks 0.014ms
[2025-12-24T10:35:32.463-0500][gc,marking  ] GC(2) Concurrent Scan Root Regions
[2025-12-24T10:35:32.465-0500][gc,marking  ] GC(2) Concurrent Scan Root Regions 1.668ms
[2025-12-24T10:35:32.465-0500][gc,marking  ] GC(2) Concurrent Mark
[2025-12-24T10:35:32.465-0500][gc,marking  ] GC(2) Concurrent Mark From Roots
[2025-12-24T10:35:32.465-0500][gc,task     ] GC(2) Using 11 workers of 11 for marking
[2025-12-24T10:35:32.468-0500][gc,marking  ] GC(2) Concurrent Mark From Roots 3.044ms
[2025-12-24T10:35:32.468-0500][gc,marking  ] GC(2) Concurrent Preclean
[2025-12-24T10:35:32.468-0500][gc,marking  ] GC(2) Concurrent Preclean 0.210ms
[2025-12-24T10:35:32.468-0500][gc,start    ] GC(2) Pause Remark
[2025-12-24T10:35:32.469-0500][gc          ] GC(2) Pause Remark 11M->11M(1024M) 1.445ms
[2025-12-24T10:35:32.469-0500][gc,cpu      ] GC(2) User=0.01s Sys=0.00s Real=0.00s
[2025-12-24T10:35:32.469-0500][gc,marking  ] GC(2) Concurrent Mark 4.763ms
[2025-12-24T10:35:32.469-0500][gc,marking  ] GC(2) Concurrent Rebuild Remembered Sets
[2025-12-24T10:35:32.471-0500][gc,marking  ] GC(2) Concurrent Rebuild Remembered Sets 1.522ms
[2025-12-24T10:35:32.471-0500][gc,start    ] GC(2) Pause Cleanup
[2025-12-24T10:35:32.471-0500][gc          ] GC(2) Pause Cleanup 11M->11M(1024M) 0.095ms
[2025-12-24T10:35:32.471-0500][gc,cpu      ] GC(2) User=0.00s Sys=0.00s Real=0.00s
[2025-12-24T10:35:32.471-0500][gc,marking  ] GC(2) Concurrent Cleanup for Next Mark
[2025-12-24T10:35:32.472-0500][gc,marking  ] GC(2) Concurrent Cleanup for Next Mark 1.368ms
[2025-12-24T10:35:32.472-0500][gc          ] GC(2) Concurrent Mark Cycle 9.609ms
[2025-12-24T10:35:32.883-0500][gc,start    ] GC(3) Pause Young (Prepare Mixed) (G1 Evacuation Pause)
[2025-12-24T10:35:32.884-0500][gc,task     ] GC(3) Using 36 workers of 43 for evacuation
[2025-12-24T10:35:32.887-0500][gc,phases   ] GC(3)   Pre Evacuate Collection Set: 0.2ms
[2025-12-24T10:35:32.887-0500][gc,phases   ] GC(3)   Merge Heap Roots: 0.1ms
[2025-12-24T10:35:32.887-0500][gc,phases   ] GC(3)   Evacuate Collection Set: 2.3ms
[2025-12-24T10:35:32.887-0500][gc,phases   ] GC(3)   Post Evacuate Collection Set: 0.7ms
[2025-12-24T10:35:32.888-0500][gc,phases   ] GC(3)   Other: 1.1ms
[2025-12-24T10:35:32.888-0500][gc,heap     ] GC(3) Eden regions: 49->0(46)
[2025-12-24T10:35:32.888-0500][gc,heap     ] GC(3) Survivor regions: 2->5(7)
[2025-12-24T10:35:32.888-0500][gc,heap     ] GC(3) Old regions: 9->9
[2025-12-24T10:35:32.888-0500][gc,heap     ] GC(3) Archive regions: 2->2
[2025-12-24T10:35:32.888-0500][gc,heap     ] GC(3) Humongous regions: 0->0
[2025-12-24T10:35:32.888-0500][gc,metaspace] GC(3) Metaspace: 32190K(32448K)->32190K(32448K) NonClass: 28588K(28736K)->28588K(28736K) Class: 3601K(3712K)->3601K(3712K)
[2025-12-24T10:35:32.888-0500][gc          ] GC(3) Pause Young (Prepare Mixed) (G1 Evacuation Pause) 59M->13M(1024M) 4.462ms
[2025-12-24T10:35:32.888-0500][gc,cpu      ] GC(3) User=0.07s Sys=0.02s Real=0.01s
[2025-12-24T10:35:33.075-0500][gc,start    ] GC(4) Pause Young (Mixed) (Metadata GC Threshold)
[2025-12-24T10:35:33.076-0500][gc,task     ] GC(4) Using 43 workers of 43 for evacuation
[2025-12-24T10:35:33.082-0500][gc,phases   ] GC(4)   Pre Evacuate Collection Set: 0.2ms
[2025-12-24T10:35:33.082-0500][gc,phases   ] GC(4)   Merge Heap Roots: 0.1ms
[2025-12-24T10:35:33.082-0500][gc,phases   ] GC(4)   Evacuate Collection Set: 4.8ms
[2025-12-24T10:35:33.082-0500][gc,phases   ] GC(4)   Post Evacuate Collection Set: 0.9ms
[2025-12-24T10:35:33.082-0500][gc,phases   ] GC(4)   Other: 0.7ms
[2025-12-24T10:35:33.082-0500][gc,heap     ] GC(4) Eden regions: 27->0(44)
[2025-12-24T10:35:33.082-0500][gc,heap     ] GC(4) Survivor regions: 5->7(7)
[2025-12-24T10:35:33.082-0500][gc,heap     ] GC(4) Old regions: 9->11
[2025-12-24T10:35:33.082-0500][gc,heap     ] GC(4) Archive regions: 2->2
[2025-12-24T10:35:33.082-0500][gc,heap     ] GC(4) Humongous regions: 0->0
[2025-12-24T10:35:33.082-0500][gc,metaspace] GC(4) Metaspace: 35945K(36160K)->35945K(36160K) NonClass: 31974K(32064K)->31974K(32064K) Class: 3971K(4096K)->3971K(4096K)
[2025-12-24T10:35:33.082-0500][gc          ] GC(4) Pause Young (Mixed) (Metadata GC Threshold) 40M->18M(1024M) 6.848ms
[2025-12-24T10:35:33.082-0500][gc,cpu      ] GC(4) User=0.13s Sys=0.01s Real=0.00s
[2025-12-24T10:35:33.092-0500][gc,start    ] GC(5) Pause Young (Concurrent Start) (Metadata GC Threshold)
[2025-12-24T10:35:33.092-0500][gc,task     ] GC(5) Using 43 workers of 43 for evacuation
[2025-12-24T10:35:33.095-0500][gc,phases   ] GC(5)   Pre Evacuate Collection Set: 0.1ms
[2025-12-24T10:35:33.095-0500][gc,phases   ] GC(5)   Merge Heap Roots: 0.1ms
[2025-12-24T10:35:33.095-0500][gc,phases   ] GC(5)   Evacuate Collection Set: 1.6ms
[2025-12-24T10:35:33.095-0500][gc,phases   ] GC(5)   Post Evacuate Collection Set: 0.5ms
[2025-12-24T10:35:33.095-0500][gc,phases   ] GC(5)   Other: 0.2ms
[2025-12-24T10:35:33.095-0500][gc,heap     ] GC(5) Eden regions: 2->0(50)
[2025-12-24T10:35:33.095-0500][gc,heap     ] GC(5) Survivor regions: 7->1(7)
[2025-12-24T10:35:33.095-0500][gc,heap     ] GC(5) Old regions: 11->19
[2025-12-24T10:35:33.095-0500][gc,heap     ] GC(5) Archive regions: 2->2
[2025-12-24T10:35:33.095-0500][gc,heap     ] GC(5) Humongous regions: 0->0
[2025-12-24T10:35:33.095-0500][gc,metaspace] GC(5) Metaspace: 36285K(36480K)->36285K(36480K) NonClass: 32295K(32384K)->32295K(32384K) Class: 3990K(4096K)->3990K(4096K)
[2025-12-24T10:35:33.095-0500][gc          ] GC(5) Pause Young (Concurrent Start) (Metadata GC Threshold) 20M->19M(1024M) 2.625ms
[2025-12-24T10:35:33.095-0500][gc,cpu      ] GC(5) User=0.04s Sys=0.03s Real=0.01s
[2025-12-24T10:35:33.095-0500][gc          ] GC(6) Concurrent Mark Cycle
[2025-12-24T10:35:33.095-0500][gc,marking  ] GC(6) Concurrent Clear Claimed Marks
[2025-12-24T10:35:33.095-0500][gc,marking  ] GC(6) Concurrent Clear Claimed Marks 0.023ms
[2025-12-24T10:35:33.095-0500][gc,marking  ] GC(6) Concurrent Scan Root Regions
[2025-12-24T10:35:33.096-0500][gc,marking  ] GC(6) Concurrent Scan Root Regions 1.152ms
[2025-12-24T10:35:33.096-0500][gc,marking  ] GC(6) Concurrent Mark
[2025-12-24T10:35:33.096-0500][gc,marking  ] GC(6) Concurrent Mark From Roots
[2025-12-24T10:35:33.096-0500][gc,task     ] GC(6) Using 11 workers of 11 for marking
[2025-12-24T10:35:33.100-0500][gc,marking  ] GC(6) Concurrent Mark From Roots 3.669ms
[2025-12-24T10:35:33.100-0500][gc,marking  ] GC(6) Concurrent Preclean
[2025-12-24T10:35:33.100-0500][gc,marking  ] GC(6) Concurrent Preclean 0.297ms
[2025-12-24T10:35:33.101-0500][gc,start    ] GC(6) Pause Remark
[2025-12-24T10:35:33.103-0500][gc          ] GC(6) Pause Remark 20M->20M(1024M) 1.649ms
[2025-12-24T10:35:33.103-0500][gc,cpu      ] GC(6) User=0.03s Sys=0.00s Real=0.00s
[2025-12-24T10:35:33.103-0500][gc,marking  ] GC(6) Concurrent Mark 6.200ms
[2025-12-24T10:35:33.103-0500][gc,marking  ] GC(6) Concurrent Rebuild Remembered Sets
[2025-12-24T10:35:33.104-0500][gc,marking  ] GC(6) Concurrent Rebuild Remembered Sets 1.542ms
[2025-12-24T10:35:33.104-0500][gc,start    ] GC(6) Pause Cleanup
[2025-12-24T10:35:33.104-0500][gc          ] GC(6) Pause Cleanup 20M->20M(1024M) 0.133ms
[2025-12-24T10:35:33.104-0500][gc,cpu      ] GC(6) User=0.00s Sys=0.00s Real=0.00s
[2025-12-24T10:35:33.104-0500][gc,marking  ] GC(6) Concurrent Cleanup for Next Mark
[2025-12-24T10:35:33.106-0500][gc,marking  ] GC(6) Concurrent Cleanup for Next Mark 1.381ms
[2025-12-24T10:35:33.106-0500][gc          ] GC(6) Concurrent Mark Cycle 10.614ms
[2025-12-24T10:36:01.723-0500][gc,start    ] GC(7) Pause Young (Normal) (G1 Evacuation Pause)
[2025-12-24T10:36:01.723-0500][gc,task     ] GC(7) Using 43 workers of 43 for evacuation
[2025-12-24T10:36:01.726-0500][gc,phases   ] GC(7)   Pre Evacuate Collection Set: 0.3ms
[2025-12-24T10:36:01.726-0500][gc,phases   ] GC(7)   Merge Heap Roots: 0.3ms
[2025-12-24T10:36:01.726-0500][gc,phases   ] GC(7)   Evacuate Collection Set: 1.9ms
[2025-12-24T10:36:01.726-0500][gc,phases   ] GC(7)   Post Evacuate Collection Set: 0.9ms
[2025-12-24T10:36:01.726-0500][gc,phases   ] GC(7)   Other: 0.1ms
[2025-12-24T10:36:01.726-0500][gc,heap     ] GC(7) Eden regions: 50->0(47)
[2025-12-24T10:36:01.726-0500][gc,heap     ] GC(7) Survivor regions: 1->4(7)
[2025-12-24T10:36:01.726-0500][gc,heap     ] GC(7) Old regions: 19->19
[2025-12-24T10:36:01.726-0500][gc,heap     ] GC(7) Archive regions: 2->2
[2025-12-24T10:36:01.726-0500][gc,heap     ] GC(7) Humongous regions: 129->129
[2025-12-24T10:36:01.726-0500][gc,metaspace] GC(7) Metaspace: 44348K(44928K)->44348K(44928K) NonClass: 39146K(39488K)->39146K(39488K) Class: 5202K(5440K)->5202K(5440K)
[2025-12-24T10:36:01.726-0500][gc          ] GC(7) Pause Young (Normal) (G1 Evacuation Pause) 198M->151M(1024M) 3.508ms
[2025-12-24T10:36:01.726-0500][gc,cpu      ] GC(7) User=0.10s Sys=0.00s Real=0.01s
[2025-12-24T10:36:06.684-0500][gc,start    ] GC(8) Pause Young (Normal) (G1 Evacuation Pause)
[2025-12-24T10:36:06.684-0500][gc,task     ] GC(8) Using 43 workers of 43 for evacuation
[2025-12-24T10:36:06.687-0500][gc,phases   ] GC(8)   Pre Evacuate Collection Set: 0.3ms
[2025-12-24T10:36:06.687-0500][gc,phases   ] GC(8)   Merge Heap Roots: 0.3ms
[2025-12-24T10:36:06.687-0500][gc,phases   ] GC(8)   Evacuate Collection Set: 1.6ms
[2025-12-24T10:36:06.687-0500][gc,phases   ] GC(8)   Post Evacuate Collection Set: 0.9ms
[2025-12-24T10:36:06.687-0500][gc,phases   ] GC(8)   Other: 0.2ms
[2025-12-24T10:36:06.687-0500][gc,heap     ] GC(8) Eden regions: 47->0(45)
[2025-12-24T10:36:06.687-0500][gc,heap     ] GC(8) Survivor regions: 4->6(7)
[2025-12-24T10:36:06.687-0500][gc,heap     ] GC(8) Old regions: 19->19
[2025-12-24T10:36:06.687-0500][gc,heap     ] GC(8) Archive regions: 2->2
[2025-12-24T10:36:06.687-0500][gc,heap     ] GC(8) Humongous regions: 129->129
[2025-12-24T10:36:06.687-0500][gc,metaspace] GC(8) Metaspace: 46654K(47232K)->46654K(47232K) NonClass: 41336K(41664K)->41336K(41664K) Class: 5318K(5568K)->5318K(5568K)
[2025-12-24T10:36:06.687-0500][gc          ] GC(8) Pause Young (Normal) (G1 Evacuation Pause) 198M->152M(1024M) 3.370ms
[2025-12-24T10:36:06.687-0500][gc,cpu      ] GC(8) User=0.07s Sys=0.01s Real=0.01s
[2025-12-24T10:36:07.718-0500][gc,start    ] GC(9) Pause Young (Normal) (G1 Evacuation Pause)
[2025-12-24T10:36:07.718-0500][gc,task     ] GC(9) Using 43 workers of 43 for evacuation
[2025-12-24T10:36:07.722-0500][gc,phases   ] GC(9)   Pre Evacuate Collection Set: 0.2ms
[2025-12-24T10:36:07.722-0500][gc,phases   ] GC(9)   Merge Heap Roots: 0.2ms
[2025-12-24T10:36:07.722-0500][gc,phases   ] GC(9)   Evacuate Collection Set: 2.9ms
[2025-12-24T10:36:07.722-0500][gc,phases   ] GC(9)   Post Evacuate Collection Set: 0.8ms
[2025-12-24T10:36:07.722-0500][gc,phases   ] GC(9)   Other: 0.1ms
[2025-12-24T10:36:07.722-0500][gc,heap     ] GC(9) Eden regions: 45->0(66)
[2025-12-24T10:36:07.722-0500][gc,heap     ] GC(9) Survivor regions: 6->3(7)
[2025-12-24T10:36:07.722-0500][gc,heap     ] GC(9) Old regions: 19->22
[2025-12-24T10:36:07.722-0500][gc,heap     ] GC(9) Archive regions: 2->2
[2025-12-24T10:36:07.722-0500][gc,heap     ] GC(9) Humongous regions: 129->129
[2025-12-24T10:36:07.722-0500][gc,metaspace] GC(9) Metaspace: 46902K(47488K)->46902K(47488K) NonClass: 41577K(41920K)->41577K(41920K) Class: 5325K(5568K)->5325K(5568K)
[2025-12-24T10:36:07.723-0500][gc          ] GC(9) Pause Young (Normal) (G1 Evacuation Pause) 197M->153M(1024M) 4.234ms
[2025-12-24T10:36:07.723-0500][gc,cpu      ] GC(9) User=0.09s Sys=0.01s Real=0.00s
[2025-12-24T10:36:09.187-0500][gc,start    ] GC(10) Pause Young (Normal) (G1 Evacuation Pause)
[2025-12-24T10:36:09.187-0500][gc,task     ] GC(10) Using 43 workers of 43 for evacuation
[2025-12-24T10:36:09.190-0500][gc,phases   ] GC(10)   Pre Evacuate Collection Set: 0.2ms
[2025-12-24T10:36:09.190-0500][gc,phases   ] GC(10)   Merge Heap Roots: 0.3ms
[2025-12-24T10:36:09.190-0500][gc,phases   ] GC(10)   Evacuate Collection Set: 1.4ms
[2025-12-24T10:36:09.190-0500][gc,phases   ] GC(10)   Post Evacuate Collection Set: 0.7ms
[2025-12-24T10:36:09.190-0500][gc,phases   ] GC(10)   Other: 0.2ms
[2025-12-24T10:36:09.190-0500][gc,heap     ] GC(10) Eden regions: 66->0(308)
[2025-12-24T10:36:09.190-0500][gc,heap     ] GC(10) Survivor regions: 3->4(9)
[2025-12-24T10:36:09.190-0500][gc,heap     ] GC(10) Old regions: 22->22
[2025-12-24T10:36:09.190-0500][gc,heap     ] GC(10) Archive regions: 2->2
[2025-12-24T10:36:09.190-0500][gc,heap     ] GC(10) Humongous regions: 129->129
[2025-12-24T10:36:09.190-0500][gc,metaspace] GC(10) Metaspace: 46903K(47488K)->46903K(47488K) NonClass: 41578K(41920K)->41578K(41920K) Class: 5325K(5568K)->5325K(5568K)
[2025-12-24T10:36:09.190-0500][gc          ] GC(10) Pause Young (Normal) (G1 Evacuation Pause) 219M->154M(1024M) 2.873ms
[2025-12-24T10:36:09.190-0500][gc,cpu      ] GC(10) User=0.05s Sys=0.00s Real=0.00s
[2025-12-24T10:36:17.808-0500][gc,start    ] GC(11) Pause Young (Normal) (G1 Evacuation Pause)
[2025-12-24T10:36:17.808-0500][gc,task     ] GC(11) Using 43 workers of 43 for evacuation
[2025-12-24T10:36:17.811-0500][gc,phases   ] GC(11)   Pre Evacuate Collection Set: 0.2ms
[2025-12-24T10:36:17.811-0500][gc,phases   ] GC(11)   Merge Heap Roots: 0.3ms
[2025-12-24T10:36:17.811-0500][gc,phases   ] GC(11)   Evacuate Collection Set: 2.2ms
[2025-12-24T10:36:17.811-0500][gc,phases   ] GC(11)   Post Evacuate Collection Set: 0.8ms
[2025-12-24T10:36:17.811-0500][gc,phases   ] GC(11)   Other: 0.2ms
[2025-12-24T10:36:17.811-0500][gc,heap     ] GC(11) Eden regions: 308->0(301)
[2025-12-24T10:36:17.811-0500][gc,heap     ] GC(11) Survivor regions: 4->5(39)
[2025-12-24T10:36:17.811-0500][gc,heap     ] GC(11) Old regions: 22->22
[2025-12-24T10:36:17.811-0500][gc,heap     ] GC(11) Archive regions: 2->2
[2025-12-24T10:36:17.811-0500][gc,heap     ] GC(11) Humongous regions: 129->129
[2025-12-24T10:36:17.811-0500][gc,metaspace] GC(11) Metaspace: 47103K(47744K)->47103K(47744K) NonClass: 41745K(42112K)->41745K(42112K) Class: 5357K(5632K)->5357K(5632K)
[2025-12-24T10:36:17.811-0500][gc          ] GC(11) Pause Young (Normal) (G1 Evacuation Pause) 462M->156M(1024M) 3.790ms
[2025-12-24T10:36:17.811-0500][gc,cpu      ] GC(11) User=0.04s Sys=0.05s Real=0.00s
[2025-12-24T10:36:26.827-0500][gc,start    ] GC(12) Pause Young (Normal) (G1 Evacuation Pause)
[2025-12-24T10:36:26.827-0500][gc,task     ] GC(12) Using 43 workers of 43 for evacuation
[2025-12-24T10:36:26.831-0500][gc,phases   ] GC(12)   Pre Evacuate Collection Set: 0.2ms
[2025-12-24T10:36:26.831-0500][gc,phases   ] GC(12)   Merge Heap Roots: 0.3ms
[2025-12-24T10:36:26.831-0500][gc,phases   ] GC(12)   Evacuate Collection Set: 2.2ms
[2025-12-24T10:36:26.831-0500][gc,phases   ] GC(12)   Post Evacuate Collection Set: 0.7ms
[2025-12-24T10:36:26.831-0500][gc,phases   ] GC(12)   Other: 0.2ms
[2025-12-24T10:36:26.831-0500][gc,heap     ] GC(12) Eden regions: 301->0(385)
[2025-12-24T10:36:26.831-0500][gc,heap     ] GC(12) Survivor regions: 5->6(39)
[2025-12-24T10:36:26.831-0500][gc,heap     ] GC(12) Old regions: 22->22
[2025-12-24T10:36:26.831-0500][gc,heap     ] GC(12) Archive regions: 2->2
[2025-12-24T10:36:26.831-0500][gc,heap     ] GC(12) Humongous regions: 129->129
[2025-12-24T10:36:26.831-0500][gc,metaspace] GC(12) Metaspace: 47153K(47808K)->47153K(47808K) NonClass: 41796K(42176K)->41796K(42176K) Class: 5357K(5632K)->5357K(5632K)
[2025-12-24T10:36:26.831-0500][gc          ] GC(12) Pause Young (Normal) (G1 Evacuation Pause) 457M->157M(1024M) 3.696ms
[2025-12-24T10:36:26.831-0500][gc,cpu      ] GC(12) User=0.07s Sys=0.01s Real=0.00s
[2025-12-24T10:36:37.766-0500][gc,start    ] GC(13) Pause Young (Normal) (G1 Evacuation Pause)
[2025-12-24T10:36:37.766-0500][gc,task     ] GC(13) Using 43 workers of 43 for evacuation
[2025-12-24T10:36:37.771-0500][gc,phases   ] GC(13)   Pre Evacuate Collection Set: 0.2ms
[2025-12-24T10:36:37.771-0500][gc,phases   ] GC(13)   Merge Heap Roots: 0.5ms
[2025-12-24T10:36:37.771-0500][gc,phases   ] GC(13)   Evacuate Collection Set: 3.0ms
[2025-12-24T10:36:37.771-0500][gc,phases   ] GC(13)   Post Evacuate Collection Set: 0.8ms
[2025-12-24T10:36:37.771-0500][gc,phases   ] GC(13)   Other: 0.2ms
[2025-12-24T10:36:37.771-0500][gc,heap     ] GC(13) Eden regions: 385->0(602)
[2025-12-24T10:36:37.771-0500][gc,heap     ] GC(13) Survivor regions: 6->8(49)
[2025-12-24T10:36:37.771-0500][gc,heap     ] GC(13) Old regions: 22->22
[2025-12-24T10:36:37.771-0500][gc,heap     ] GC(13) Archive regions: 2->2
[2025-12-24T10:36:37.771-0500][gc,heap     ] GC(13) Humongous regions: 129->129
[2025-12-24T10:36:37.771-0500][gc,metaspace] GC(13) Metaspace: 47400K(48064K)->47400K(48064K) NonClass: 41994K(42368K)->41994K(42368K) Class: 5405K(5696K)->5405K(5696K)
[2025-12-24T10:36:37.771-0500][gc          ] GC(13) Pause Young (Normal) (G1 Evacuation Pause) 542M->158M(1024M) 4.705ms
[2025-12-24T10:36:37.771-0500][gc,cpu      ] GC(13) User=0.10s Sys=0.01s Real=0.00s
[2025-12-24T10:36:56.451-0500][gc,start    ] GC(14) Pause Young (Normal) (G1 Evacuation Pause)
[2025-12-24T10:36:56.451-0500][gc,task     ] GC(14) Using 43 workers of 43 for evacuation
[2025-12-24T10:36:56.456-0500][gc,phases   ] GC(14)   Pre Evacuate Collection Set: 0.2ms
[2025-12-24T10:36:56.456-0500][gc,phases   ] GC(14)   Merge Heap Roots: 0.4ms
[2025-12-24T10:36:56.456-0500][gc,phases   ] GC(14)   Evacuate Collection Set: 3.0ms
[2025-12-24T10:36:56.456-0500][gc,phases   ] GC(14)   Post Evacuate Collection Set: 0.8ms
[2025-12-24T10:36:56.456-0500][gc,phases   ] GC(14)   Other: 0.2ms
[2025-12-24T10:36:56.456-0500][gc,heap     ] GC(14) Eden regions: 602->0(605)
[2025-12-24T10:36:56.456-0500][gc,heap     ] GC(14) Survivor regions: 8->9(77)
[2025-12-24T10:36:56.456-0500][gc,heap     ] GC(14) Old regions: 22->22
[2025-12-24T10:36:56.456-0500][gc,heap     ] GC(14) Archive regions: 2->2
[2025-12-24T10:36:56.456-0500][gc,heap     ] GC(14) Humongous regions: 129->129
[2025-12-24T10:36:56.456-0500][gc,metaspace] GC(14) Metaspace: 47560K(48192K)->47560K(48192K) NonClass: 42154K(42496K)->42154K(42496K) Class: 5405K(5696K)->5405K(5696K)
[2025-12-24T10:36:56.456-0500][gc          ] GC(14) Pause Young (Normal) (G1 Evacuation Pause) 760M->159M(1024M) 4.778ms
[2025-12-24T10:36:56.456-0500][gc,cpu      ] GC(14) User=0.08s Sys=0.03s Real=0.01s
[2025-12-24T10:37:15.056-0500][gc,start    ] GC(15) Pause Young (Normal) (G1 Evacuation Pause)
[2025-12-24T10:37:15.056-0500][gc,task     ] GC(15) Using 43 workers of 43 for evacuation
[2025-12-24T10:37:15.061-0500][gc,phases   ] GC(15)   Pre Evacuate Collection Set: 0.2ms
[2025-12-24T10:37:15.061-0500][gc,phases   ] GC(15)   Merge Heap Roots: 0.4ms
[2025-12-24T10:37:15.061-0500][gc,phases   ] GC(15)   Evacuate Collection Set: 3.2ms
[2025-12-24T10:37:15.061-0500][gc,phases   ] GC(15)   Post Evacuate Collection Set: 0.8ms
[2025-12-24T10:37:15.061-0500][gc,phases   ] GC(15)   Other: 0.2ms
[2025-12-24T10:37:15.061-0500][gc,heap     ] GC(15) Eden regions: 605->0(604)
[2025-12-24T10:37:15.061-0500][gc,heap     ] GC(15) Survivor regions: 9->10(77)
[2025-12-24T10:37:15.061-0500][gc,heap     ] GC(15) Old regions: 22->22
[2025-12-24T10:37:15.061-0500][gc,heap     ] GC(15) Archive regions: 2->2
[2025-12-24T10:37:15.061-0500][gc,heap     ] GC(15) Humongous regions: 129->129
[2025-12-24T10:37:15.061-0500][gc,metaspace] GC(15) Metaspace: 47696K(48320K)->47696K(48320K) NonClass: 42275K(42624K)->42275K(42624K) Class: 5420K(5696K)->5420K(5696K)
[2025-12-24T10:37:15.061-0500][gc          ] GC(15) Pause Young (Normal) (G1 Evacuation Pause) 764M->160M(1024M) 4.753ms
[2025-12-24T10:37:15.061-0500][gc,cpu      ] GC(15) User=0.09s Sys=0.02s Real=0.00s
[2025-12-24T10:37:33.898-0500][gc,start    ] GC(16) Pause Young (Normal) (G1 Evacuation Pause)
[2025-12-24T10:37:33.898-0500][gc,task     ] GC(16) Using 43 workers of 43 for evacuation
[2025-12-24T10:37:33.903-0500][gc,phases   ] GC(16)   Pre Evacuate Collection Set: 0.2ms
[2025-12-24T10:37:33.903-0500][gc,phases   ] GC(16)   Merge Heap Roots: 0.4ms
[2025-12-24T10:37:33.903-0500][gc,phases   ] GC(16)   Evacuate Collection Set: 3.4ms
[2025-12-24T10:37:33.903-0500][gc,phases   ] GC(16)   Post Evacuate Collection Set: 0.9ms
[2025-12-24T10:37:33.903-0500][gc,phases   ] GC(16)   Other: 0.2ms
[2025-12-24T10:37:33.903-0500][gc,heap     ] GC(16) Eden regions: 604->0(603)
[2025-12-24T10:37:33.903-0500][gc,heap     ] GC(16) Survivor regions: 10->11(77)
[2025-12-24T10:37:33.903-0500][gc,heap     ] GC(16) Old regions: 22->22
[2025-12-24T10:37:33.903-0500][gc,heap     ] GC(16) Archive regions: 2->2
[2025-12-24T10:37:33.903-0500][gc,heap     ] GC(16) Humongous regions: 129->129
[2025-12-24T10:37:33.903-0500][gc,metaspace] GC(16) Metaspace: 47744K(48320K)->47744K(48320K) NonClass: 42323K(42624K)->42323K(42624K) Class: 5421K(5696K)->5421K(5696K)
[2025-12-24T10:37:33.903-0500][gc          ] GC(16) Pause Young (Normal) (G1 Evacuation Pause) 764M->161M(1024M) 5.146ms
[2025-12-24T10:37:33.903-0500][gc,cpu      ] GC(16) User=0.11s Sys=0.01s Real=0.00s
[2025-12-24T10:37:52.779-0500][gc,start    ] GC(17) Pause Young (Normal) (G1 Evacuation Pause)
[2025-12-24T10:37:52.779-0500][gc,task     ] GC(17) Using 43 workers of 43 for evacuation
[2025-12-24T10:37:52.784-0500][gc,phases   ] GC(17)   Pre Evacuate Collection Set: 0.2ms
[2025-12-24T10:37:52.784-0500][gc,phases   ] GC(17)   Merge Heap Roots: 0.4ms
[2025-12-24T10:37:52.784-0500][gc,phases   ] GC(17)   Evacuate Collection Set: 3.4ms
[2025-12-24T10:37:52.784-0500][gc,phases   ] GC(17)   Post Evacuate Collection Set: 0.9ms
[2025-12-24T10:37:52.784-0500][gc,phases   ] GC(17)   Other: 0.2ms
[2025-12-24T10:37:52.784-0500][gc,heap     ] GC(17) Eden regions: 603->0(602)
[2025-12-24T10:37:52.784-0500][gc,heap     ] GC(17) Survivor regions: 11->12(77)
[2025-12-24T10:37:52.784-0500][gc,heap     ] GC(17) Old regions: 22->22
[2025-12-24T10:37:52.784-0500][gc,heap     ] GC(17) Archive regions: 2->2
[2025-12-24T10:37:52.784-0500][gc,heap     ] GC(17) Humongous regions: 129->129
[2025-12-24T10:37:52.784-0500][gc,metaspace] GC(17) Metaspace: 47774K(48384K)->47774K(48384K) NonClass: 42353K(42688K)->42353K(42688K) Class: 5421K(5696K)->5421K(5696K)
[2025-12-24T10:37:52.784-0500][gc          ] GC(17) Pause Young (Normal) (G1 Evacuation Pause) 764M->162M(1024M) 5.053ms
[2025-12-24T10:37:52.784-0500][gc,cpu      ] GC(17) User=0.11s Sys=0.01s Real=0.00s
