[2025-12-24T10:35:31.591-0500][gc] Using G1
[2025-12-24T10:35:31.599-0500][gc,init] Version: 17.0.17+10-Ubuntu-124.04 (release)
[2025-12-24T10:35:31.599-0500][gc,init] CPUs: 64 total, 64 available
[2025-12-24T10:35:31.599-0500][gc,init] Memory: 251G
[2025-12-24T10:35:31.599-0500][gc,init] Large Page Support: Disabled
[2025-12-24T10:35:31.599-0500][gc,init] NUMA Support: Disabled
[2025-12-24T10:35:31.599-0500][gc,init] Compressed Oops: Enabled (32-bit)
[2025-12-24T10:35:31.599-0500][gc,init] Heap Region Size: 1M
[2025-12-24T10:35:31.599-0500][gc,init] Heap Min Capacity: 1G
[2025-12-24T10:35:31.599-0500][gc,init] Heap Initial Capacity: 1G
[2025-12-24T10:35:31.599-0500][gc,init] Heap Max Capacity: 1G
[2025-12-24T10:35:31.599-0500][gc,init] Pre-touch: Disabled
[2025-12-24T10:35:31.599-0500][gc,init] Parallel Workers: 43
[2025-12-24T10:35:31.599-0500][gc,init] Concurrent Workers: 11
[2025-12-24T10:35:31.599-0500][gc,init] Concurrent Refinement Workers: 43
[2025-12-24T10:35:31.599-0500][gc,init] Periodic GC: Disabled
[2025-12-24T10:35:31.605-0500][gc,metaspace] CDS archive(s) mapped at: [0x000071109b000000-0x000071109bbca000-0x000071109bbca000), size 12361728, SharedBaseAddress: 0x000071109b000000, ArchiveRelocationMode: 1.
[2025-12-24T10:35:31.605-0500][gc,metaspace] Compressed class space mapped at: 0x000071109c000000-0x00007110dc000000, reserved size: 1073741824
[2025-12-24T10:35:31.605-0500][gc,metaspace] Narrow klass base: 0x000071109b000000, Narrow klass shift: 0, Narrow klass range: 0x100000000
[2025-12-24T10:35:32.300-0500][gc,start    ] GC(0) Pause Young (Normal) (G1 Evacuation Pause)
[2025-12-24T10:35:32.302-0500][gc,task     ] GC(0) Using 24 workers of 43 for evacuation
[2025-12-24T10:35:32.308-0500][gc,phases   ] GC(0)   Pre Evacuate Collection Set: 0.2ms
[2025-12-24T10:35:32.308-0500][gc,phases   ] GC(0)   Merge Heap Roots: 0.1ms
[2025-12-24T10:35:32.308-0500][gc,phases   ] GC(0)   Evacuate Collection Set: 4.5ms
[2025-12-24T10:35:32.308-0500][gc,phases   ] GC(0)   Post Evacuate Collection Set: 0.8ms
[2025-12-24T10:35:32.308-0500][gc,phases   ] GC(0)   Other: 2.4ms
[2025-12-24T10:35:32.308-0500][gc,heap     ] GC(0) Eden regions: 51->0(44)
[2025-12-24T10:35:32.308-0500][gc,heap     ] GC(0) Survivor regions: 0->7(7)
[2025-12-24T10:35:32.308-0500][gc,heap     ] GC(0) Old regions: 0->2
[2025-12-24T10:35:32.308-0500][gc,heap     ] GC(0) Archive regions: 2->2
[2025-12-24T10:35:32.308-0500][gc,heap     ] GC(0) Humongous regions: 0->0
[2025-12-24T10:35:32.308-0500][gc,metaspace] GC(0) Metaspace: 17015K(17280K)->17015K(17280K) NonClass: 14978K(15104K)->14978K(15104K) Class: 2037K(2176K)->2037K(2176K)
[2025-12-24T10:35:32.308-0500][gc          ] GC(0) Pause Young (Normal) (G1 Evacuation Pause) 51M->9M(1024M) 8.109ms
[2025-12-24T10:35:32.308-0500][gc,cpu      ] GC(0) User=0.09s Sys=0.01s Real=0.01s
[2025-12-24T10:35:32.419-0500][gc,start    ] GC(1) Pause Young (Concurrent Start) (Metadata GC Threshold)
[2025-12-24T10:35:32.419-0500][gc,task     ] GC(1) Using 24 workers of 43 for evacuation
[2025-12-24T10:35:32.423-0500][gc,phases   ] GC(1)   Pre Evacuate Collection Set: 0.2ms
[2025-12-24T10:35:32.423-0500][gc,phases   ] GC(1)   Merge Heap Roots: 0.1ms
[2025-12-24T10:35:32.423-0500][gc,phases   ] GC(1)   Evacuate Collection Set: 2.0ms
[2025-12-24T10:35:32.423-0500][gc,phases   ] GC(1)   Post Evacuate Collection Set: 0.3ms
[2025-12-24T10:35:32.423-0500][gc,phases   ] GC(1)   Other: 0.5ms
[2025-12-24T10:35:32.423-0500][gc,heap     ] GC(1) Eden regions: 14->0(49)
[2025-12-24T10:35:32.423-0500][gc,heap     ] GC(1) Survivor regions: 7->2(7)
[2025-12-24T10:35:32.423-0500][gc,heap     ] GC(1) Old regions: 2->9
[2025-12-24T10:35:32.423-0500][gc,heap     ] GC(1) Archive regions: 2->2
[2025-12-24T10:35:32.423-0500][gc,heap     ] GC(1) Humongous regions: 0->0
[2025-12-24T10:35:32.423-0500][gc,metaspace] GC(1) Metaspace: 21259K(21504K)->21259K(21504K) NonClass: 18955K(19072K)->18955K(19072K) Class: 2303K(2432K)->2303K(2432K)
[2025-12-24T10:35:32.423-0500][gc          ] GC(1) Pause Young (Concurrent Start) (Metadata GC Threshold) 23M->11M(1024M) 3.153ms
[2025-12-24T10:35:32.423-0500][gc,cpu      ] GC(1) User=0.02s Sys=0.01s Real=0.00s
[2025-12-24T10:35:32.423-0500][gc          ] GC(2) Concurrent Mark Cycle
[2025-12-24T10:35:32.423-0500][gc,marking  ] GC(2) Concurrent Clear Claimed Marks
[2025-12-24T10:35:32.423-0500][gc,marking  ] GC(2) Concurrent Clear Claimed Marks 0.021ms
[2025-12-24T10:35:32.423-0500][gc,marking  ] GC(2) Concurrent Scan Root Regions
[2025-12-24T10:35:32.424-0500][gc,marking  ] GC(2) Concurrent Scan Root Regions 1.695ms
[2025-12-24T10:35:32.424-0500][gc,marking  ] GC(2) Concurrent Mark
[2025-12-24T10:35:32.424-0500][gc,marking  ] GC(2) Concurrent Mark From Roots
[2025-12-24T10:35:32.425-0500][gc,task     ] GC(2) Using 11 workers of 11 for marking
[2025-12-24T10:35:32.427-0500][gc,marking  ] GC(2) Concurrent Mark From Roots 2.922ms
[2025-12-24T10:35:32.427-0500][gc,marking  ] GC(2) Concurrent Preclean
[2025-12-24T10:35:32.428-0500][gc,marking  ] GC(2) Concurrent Preclean 0.179ms
[2025-12-24T10:35:32.428-0500][gc,start    ] GC(2) Pause Remark
[2025-12-24T10:35:32.429-0500][gc          ] GC(2) Pause Remark 12M->12M(1024M) 1.475ms
[2025-12-24T10:35:32.429-0500][gc,cpu      ] GC(2) User=0.01s Sys=0.01s Real=0.00s
[2025-12-24T10:35:32.429-0500][gc,marking  ] GC(2) Concurrent Mark 4.712ms
[2025-12-24T10:35:32.429-0500][gc,marking  ] GC(2) Concurrent Rebuild Remembered Sets
[2025-12-24T10:35:32.431-0500][gc,marking  ] GC(2) Concurrent Rebuild Remembered Sets 1.528ms
[2025-12-24T10:35:32.431-0500][gc,start    ] GC(2) Pause Cleanup
[2025-12-24T10:35:32.431-0500][gc          ] GC(2) Pause Cleanup 12M->12M(1024M) 0.140ms
[2025-12-24T10:35:32.431-0500][gc,cpu      ] GC(2) User=0.00s Sys=0.00s Real=0.00s
[2025-12-24T10:35:32.431-0500][gc,marking  ] GC(2) Concurrent Cleanup for Next Mark
[2025-12-24T10:35:32.432-0500][gc,marking  ] GC(2) Concurrent Cleanup for Next Mark 1.267ms
[2025-12-24T10:35:32.432-0500][gc          ] GC(2) Concurrent Mark Cycle 9.557ms
[2025-12-24T10:35:32.843-0500][gc,start    ] GC(3) Pause Young (Prepare Mixed) (G1 Evacuation Pause)
[2025-12-24T10:35:32.844-0500][gc,task     ] GC(3) Using 43 workers of 43 for evacuation
[2025-12-24T10:35:32.848-0500][gc,phases   ] GC(3)   Pre Evacuate Collection Set: 0.4ms
[2025-12-24T10:35:32.848-0500][gc,phases   ] GC(3)   Merge Heap Roots: 0.1ms
[2025-12-24T10:35:32.848-0500][gc,phases   ] GC(3)   Evacuate Collection Set: 1.9ms
[2025-12-24T10:35:32.848-0500][gc,phases   ] GC(3)   Post Evacuate Collection Set: 0.7ms
[2025-12-24T10:35:32.848-0500][gc,phases   ] GC(3)   Other: 1.8ms
[2025-12-24T10:35:32.848-0500][gc,heap     ] GC(3) Eden regions: 49->0(46)
[2025-12-24T10:35:32.848-0500][gc,heap     ] GC(3) Survivor regions: 2->5(7)
[2025-12-24T10:35:32.848-0500][gc,heap     ] GC(3) Old regions: 9->9
[2025-12-24T10:35:32.848-0500][gc,heap     ] GC(3) Archive regions: 2->2
[2025-12-24T10:35:32.848-0500][gc,heap     ] GC(3) Humongous regions: 0->0
[2025-12-24T10:35:32.848-0500][gc,metaspace] GC(3) Metaspace: 32192K(32448K)->32192K(32448K) NonClass: 28589K(28736K)->28589K(28736K) Class: 3603K(3712K)->3603K(3712K)
[2025-12-24T10:35:32.848-0500][gc          ] GC(3) Pause Young (Prepare Mixed) (G1 Evacuation Pause) 60M->13M(1024M) 4.936ms
[2025-12-24T10:35:32.848-0500][gc,cpu      ] GC(3) User=0.06s Sys=0.00s Real=0.01s
[2025-12-24T10:35:33.033-0500][gc,start    ] GC(4) Pause Young (Mixed) (Metadata GC Threshold)
[2025-12-24T10:35:33.033-0500][gc,task     ] GC(4) Using 43 workers of 43 for evacuation
[2025-12-24T10:35:33.039-0500][gc,phases   ] GC(4)   Pre Evacuate Collection Set: 0.3ms
[2025-12-24T10:35:33.039-0500][gc,phases   ] GC(4)   Merge Heap Roots: 0.1ms
[2025-12-24T10:35:33.039-0500][gc,phases   ] GC(4)   Evacuate Collection Set: 4.7ms
[2025-12-24T10:35:33.039-0500][gc,phases   ] GC(4)   Post Evacuate Collection Set: 0.8ms
[2025-12-24T10:35:33.039-0500][gc,phases   ] GC(4)   Other: 0.2ms
[2025-12-24T10:35:33.039-0500][gc,heap     ] GC(4) Eden regions: 25->0(44)
[2025-12-24T10:35:33.039-0500][gc,heap     ] GC(4) Survivor regions: 5->7(7)
[2025-12-24T10:35:33.039-0500][gc,heap     ] GC(4) Old regions: 9->11
[2025-12-24T10:35:33.039-0500][gc,heap     ] GC(4) Archive regions: 2->2
[2025-12-24T10:35:33.039-0500][gc,heap     ] GC(4) Humongous regions: 0->0
[2025-12-24T10:35:33.039-0500][gc,metaspace] GC(4) Metaspace: 35906K(36160K)->35906K(36160K) NonClass: 31929K(32064K)->31929K(32064K) Class: 3976K(4096K)->3976K(4096K)
[2025-12-24T10:35:33.039-0500][gc          ] GC(4) Pause Young (Mixed) (Metadata GC Threshold) 38M->18M(1024M) 6.191ms
[2025-12-24T10:35:33.039-0500][gc,cpu      ] GC(4) User=0.10s Sys=0.03s Real=0.01s
[2025-12-24T10:35:33.051-0500][gc,start    ] GC(5) Pause Young (Concurrent Start) (Metadata GC Threshold)
[2025-12-24T10:35:33.051-0500][gc,task     ] GC(5) Using 43 workers of 43 for evacuation
[2025-12-24T10:35:33.054-0500][gc,phases   ] GC(5)   Pre Evacuate Collection Set: 0.3ms
[2025-12-24T10:35:33.054-0500][gc,phases   ] GC(5)   Merge Heap Roots: 0.1ms
[2025-12-24T10:35:33.054-0500][gc,phases   ] GC(5)   Evacuate Collection Set: 1.9ms
[2025-12-24T10:35:33.054-0500][gc,phases   ] GC(5)   Post Evacuate Collection Set: 0.6ms
[2025-12-24T10:35:33.054-0500][gc,phases   ] GC(5)   Other: 0.3ms
[2025-12-24T10:35:33.054-0500][gc,heap     ] GC(5) Eden regions: 2->0(49)
[2025-12-24T10:35:33.054-0500][gc,heap     ] GC(5) Survivor regions: 7->2(7)
[2025-12-24T10:35:33.054-0500][gc,heap     ] GC(5) Old regions: 11->19
[2025-12-24T10:35:33.054-0500][gc,heap     ] GC(5) Archive regions: 2->2
[2025-12-24T10:35:33.054-0500][gc,heap     ] GC(5) Humongous regions: 0->0
[2025-12-24T10:35:33.054-0500][gc,metaspace] GC(5) Metaspace: 36245K(36480K)->36245K(36480K) NonClass: 32250K(32384K)->32250K(32384K) Class: 3995K(4096K)->3995K(4096K)
[2025-12-24T10:35:33.054-0500][gc          ] GC(5) Pause Young (Concurrent Start) (Metadata GC Threshold) 20M->20M(1024M) 3.237ms
[2025-12-24T10:35:33.054-0500][gc,cpu      ] GC(5) User=0.04s Sys=0.02s Real=0.00s
[2025-12-24T10:35:33.054-0500][gc          ] GC(6) Concurrent Mark Cycle
[2025-12-24T10:35:33.054-0500][gc,marking  ] GC(6) Concurrent Clear Claimed Marks
[2025-12-24T10:35:33.054-0500][gc,marking  ] GC(6) Concurrent Clear Claimed Marks 0.015ms
[2025-12-24T10:35:33.054-0500][gc,marking  ] GC(6) Concurrent Scan Root Regions
[2025-12-24T10:35:33.055-0500][gc,marking  ] GC(6) Concurrent Scan Root Regions 1.076ms
[2025-12-24T10:35:33.055-0500][gc,marking  ] GC(6) Concurrent Mark
[2025-12-24T10:35:33.055-0500][gc,marking  ] GC(6) Concurrent Mark From Roots
[2025-12-24T10:35:33.055-0500][gc,task     ] GC(6) Using 11 workers of 11 for marking
[2025-12-24T10:35:33.058-0500][gc,marking  ] GC(6) Concurrent Mark From Roots 3.354ms
[2025-12-24T10:35:33.058-0500][gc,marking  ] GC(6) Concurrent Preclean
[2025-12-24T10:35:33.059-0500][gc,marking  ] GC(6) Concurrent Preclean 0.296ms
[2025-12-24T10:35:33.059-0500][gc,start    ] GC(6) Pause Remark
[2025-12-24T10:35:33.061-0500][gc          ] GC(6) Pause Remark 20M->20M(1024M) 1.572ms
[2025-12-24T10:35:33.061-0500][gc,cpu      ] GC(6) User=0.03s Sys=0.01s Real=0.00s
[2025-12-24T10:35:33.061-0500][gc,marking  ] GC(6) Concurrent Mark 5.706ms
[2025-12-24T10:35:33.061-0500][gc,marking  ] GC(6) Concurrent Rebuild Remembered Sets
[2025-12-24T10:35:33.062-0500][gc,marking  ] GC(6) Concurrent Rebuild Remembered Sets 1.421ms
[2025-12-24T10:35:33.062-0500][gc,start    ] GC(6) Pause Cleanup
[2025-12-24T10:35:33.063-0500][gc          ] GC(6) Pause Cleanup 21M->21M(1024M) 0.196ms
[2025-12-24T10:35:33.063-0500][gc,cpu      ] GC(6) User=0.01s Sys=0.00s Real=0.00s
[2025-12-24T10:35:33.063-0500][gc,marking  ] GC(6) Concurrent Cleanup for Next Mark
[2025-12-24T10:35:33.064-0500][gc,marking  ] GC(6) Concurrent Cleanup for Next Mark 1.301ms
[2025-12-24T10:35:33.064-0500][gc          ] GC(6) Concurrent Mark Cycle 9.911ms
[2025-12-24T10:36:01.732-0500][gc,start    ] GC(7) Pause Young (Prepare Mixed) (G1 Evacuation Pause)
[2025-12-24T10:36:01.732-0500][gc,task     ] GC(7) Using 43 workers of 43 for evacuation
[2025-12-24T10:36:01.735-0500][gc,phases   ] GC(7)   Pre Evacuate Collection Set: 0.3ms
[2025-12-24T10:36:01.736-0500][gc,phases   ] GC(7)   Merge Heap Roots: 0.3ms
[2025-12-24T10:36:01.736-0500][gc,phases   ] GC(7)   Evacuate Collection Set: 1.8ms
[2025-12-24T10:36:01.736-0500][gc,phases   ] GC(7)   Post Evacuate Collection Set: 0.9ms
[2025-12-24T10:36:01.736-0500][gc,phases   ] GC(7)   Other: 0.1ms
[2025-12-24T10:36:01.736-0500][gc,heap     ] GC(7) Eden regions: 49->0(47)
[2025-12-24T10:36:01.736-0500][gc,heap     ] GC(7) Survivor regions: 2->4(7)
[2025-12-24T10:36:01.736-0500][gc,heap     ] GC(7) Old regions: 19->19
[2025-12-24T10:36:01.736-0500][gc,heap     ] GC(7) Archive regions: 2->2
[2025-12-24T10:36:01.736-0500][gc,heap     ] GC(7) Humongous regions: 129->129
[2025-12-24T10:36:01.736-0500][gc,metaspace] GC(7) Metaspace: 44193K(44672K)->44193K(44672K) NonClass: 39040K(39296K)->39040K(39296K) Class: 5152K(5376K)->5152K(5376K)
[2025-12-24T10:36:01.736-0500][gc          ] GC(7) Pause Young (Prepare Mixed) (G1 Evacuation Pause) 198M->151M(1024M) 3.519ms
[2025-12-24T10:36:01.736-0500][gc,cpu      ] GC(7) User=0.08s Sys=0.00s Real=0.00s
[2025-12-24T10:36:06.665-0500][gc,start    ] GC(8) Pause Young (Mixed) (G1 Evacuation Pause)
[2025-12-24T10:36:06.665-0500][gc,task     ] GC(8) Using 43 workers of 43 for evacuation
[2025-12-24T10:36:06.668-0500][gc,phases   ] GC(8)   Pre Evacuate Collection Set: 0.3ms
[2025-12-24T10:36:06.668-0500][gc,phases   ] GC(8)   Merge Heap Roots: 0.2ms
[2025-12-24T10:36:06.668-0500][gc,phases   ] GC(8)   Evacuate Collection Set: 2.1ms
[2025-12-24T10:36:06.668-0500][gc,phases   ] GC(8)   Post Evacuate Collection Set: 0.9ms
[2025-12-24T10:36:06.668-0500][gc,phases   ] GC(8)   Other: 0.2ms
[2025-12-24T10:36:06.668-0500][gc,heap     ] GC(8) Eden regions: 47->0(46)
[2025-12-24T10:36:06.668-0500][gc,heap     ] GC(8) Survivor regions: 4->5(7)
[2025-12-24T10:36:06.668-0500][gc,heap     ] GC(8) Old regions: 19->19
[2025-12-24T10:36:06.668-0500][gc,heap     ] GC(8) Archive regions: 2->2
[2025-12-24T10:36:06.668-0500][gc,heap     ] GC(8) Humongous regions: 129->129
[2025-12-24T10:36:06.669-0500][gc,metaspace] GC(8) Metaspace: 47697K(48256K)->47697K(48256K) NonClass: 42215K(42560K)->42215K(42560K) Class: 5482K(5696K)->5482K(5696K)
[2025-12-24T10:36:06.669-0500][gc          ] GC(8) Pause Young (Mixed) (G1 Evacuation Pause) 198M->152M(1024M) 3.866ms
[2025-12-24T10:36:06.669-0500][gc,cpu      ] GC(8) User=0.07s Sys=0.01s Real=0.01s
[2025-12-24T10:36:07.599-0500][gc,start    ] GC(9) Pause Young (Normal) (G1 Evacuation Pause)
[2025-12-24T10:36:07.599-0500][gc,task     ] GC(9) Using 43 workers of 43 for evacuation
[2025-12-24T10:36:07.603-0500][gc,phases   ] GC(9)   Pre Evacuate Collection Set: 0.3ms
[2025-12-24T10:36:07.603-0500][gc,phases   ] GC(9)   Merge Heap Roots: 0.3ms
[2025-12-24T10:36:07.603-0500][gc,phases   ] GC(9)   Evacuate Collection Set: 2.1ms
[2025-12-24T10:36:07.603-0500][gc,phases   ] GC(9)   Post Evacuate Collection Set: 0.8ms
[2025-12-24T10:36:07.603-0500][gc,phases   ] GC(9)   Other: 0.2ms
[2025-12-24T10:36:07.603-0500][gc,heap     ] GC(9) Eden regions: 46->0(52)
[2025-12-24T10:36:07.603-0500][gc,heap     ] GC(9) Survivor regions: 5->3(7)
[2025-12-24T10:36:07.603-0500][gc,heap     ] GC(9) Old regions: 19->22
[2025-12-24T10:36:07.603-0500][gc,heap     ] GC(9) Archive regions: 2->2
[2025-12-24T10:36:07.603-0500][gc,heap     ] GC(9) Humongous regions: 129->129
[2025-12-24T10:36:07.603-0500][gc,metaspace] GC(9) Metaspace: 47900K(48448K)->47900K(48448K) NonClass: 42409K(42688K)->42409K(42688K) Class: 5490K(5760K)->5490K(5760K)
[2025-12-24T10:36:07.603-0500][gc          ] GC(9) Pause Young (Normal) (G1 Evacuation Pause) 198M->153M(1024M) 3.758ms
[2025-12-24T10:36:07.603-0500][gc,cpu      ] GC(9) User=0.04s Sys=0.05s Real=0.00s
[2025-12-24T10:36:08.844-0500][gc,start    ] GC(10) Pause Young (Normal) (G1 Evacuation Pause)
[2025-12-24T10:36:08.844-0500][gc,task     ] GC(10) Using 43 workers of 43 for evacuation
[2025-12-24T10:36:08.847-0500][gc,phases   ] GC(10)   Pre Evacuate Collection Set: 0.3ms
[2025-12-24T10:36:08.847-0500][gc,phases   ] GC(10)   Merge Heap Roots: 0.3ms
[2025-12-24T10:36:08.847-0500][gc,phases   ] GC(10)   Evacuate Collection Set: 1.7ms
[2025-12-24T10:36:08.847-0500][gc,phases   ] GC(10)   Post Evacuate Collection Set: 0.7ms
[2025-12-24T10:36:08.847-0500][gc,phases   ] GC(10)   Other: 0.1ms
[2025-12-24T10:36:08.847-0500][gc,heap     ] GC(10) Eden regions: 52->0(127)
[2025-12-24T10:36:08.847-0500][gc,heap     ] GC(10) Survivor regions: 3->3(7)
[2025-12-24T10:36:08.847-0500][gc,heap     ] GC(10) Old regions: 22->22
[2025-12-24T10:36:08.847-0500][gc,heap     ] GC(10) Archive regions: 2->2
[2025-12-24T10:36:08.847-0500][gc,heap     ] GC(10) Humongous regions: 129->129
[2025-12-24T10:36:08.847-0500][gc,metaspace] GC(10) Metaspace: 47981K(48512K)->47981K(48512K) NonClass: 42485K(42752K)->42485K(42752K) Class: 5495K(5760K)->5495K(5760K)
[2025-12-24T10:36:08.847-0500][gc          ] GC(10) Pause Young (Normal) (G1 Evacuation Pause) 205M->154M(1024M) 3.243ms
[2025-12-24T10:36:08.847-0500][gc,cpu      ] GC(10) User=0.06s Sys=0.00s Real=0.01s
[2025-12-24T10:36:11.884-0500][gc,start    ] GC(11) Pause Young (Normal) (G1 Evacuation Pause)
[2025-12-24T10:36:11.884-0500][gc,task     ] GC(11) Using 43 workers of 43 for evacuation
[2025-12-24T10:36:11.888-0500][gc,phases   ] GC(11)   Pre Evacuate Collection Set: 0.3ms
[2025-12-24T10:36:11.888-0500][gc,phases   ] GC(11)   Merge Heap Roots: 0.4ms
[2025-12-24T10:36:11.888-0500][gc,phases   ] GC(11)   Evacuate Collection Set: 1.9ms
[2025-12-24T10:36:11.888-0500][gc,phases   ] GC(11)   Post Evacuate Collection Set: 0.8ms
[2025-12-24T10:36:11.888-0500][gc,phases   ] GC(11)   Other: 0.3ms
[2025-12-24T10:36:11.888-0500][gc,heap     ] GC(11) Eden regions: 127->0(372)
[2025-12-24T10:36:11.888-0500][gc,heap     ] GC(11) Survivor regions: 3->5(17)
[2025-12-24T10:36:11.888-0500][gc,heap     ] GC(11) Old regions: 22->22
[2025-12-24T10:36:11.888-0500][gc,heap     ] GC(11) Archive regions: 2->2
[2025-12-24T10:36:11.888-0500][gc,heap     ] GC(11) Humongous regions: 129->129
[2025-12-24T10:36:11.888-0500][gc,metaspace] GC(11) Metaspace: 48182K(48768K)->48182K(48768K) NonClass: 42651K(43008K)->42651K(43008K) Class: 5530K(5760K)->5530K(5760K)
[2025-12-24T10:36:11.888-0500][gc          ] GC(11) Pause Young (Normal) (G1 Evacuation Pause) 281M->155M(1024M) 3.644ms
[2025-12-24T10:36:11.888-0500][gc,cpu      ] GC(11) User=0.06s Sys=0.01s Real=0.01s
[2025-12-24T10:36:20.927-0500][gc,start    ] GC(12) Pause Young (Normal) (G1 Evacuation Pause)
[2025-12-24T10:36:20.927-0500][gc,task     ] GC(12) Using 43 workers of 43 for evacuation
[2025-12-24T10:36:20.931-0500][gc,phases   ] GC(12)   Pre Evacuate Collection Set: 0.3ms
[2025-12-24T10:36:20.931-0500][gc,phases   ] GC(12)   Merge Heap Roots: 0.4ms
[2025-12-24T10:36:20.931-0500][gc,phases   ] GC(12)   Evacuate Collection Set: 1.9ms
[2025-12-24T10:36:20.931-0500][gc,phases   ] GC(12)   Post Evacuate Collection Set: 0.9ms
[2025-12-24T10:36:20.931-0500][gc,phases   ] GC(12)   Other: 0.3ms
[2025-12-24T10:36:20.931-0500][gc,heap     ] GC(12) Eden regions: 372->0(358)
[2025-12-24T10:36:20.931-0500][gc,heap     ] GC(12) Survivor regions: 5->7(48)
[2025-12-24T10:36:20.931-0500][gc,heap     ] GC(12) Old regions: 22->22
[2025-12-24T10:36:20.931-0500][gc,heap     ] GC(12) Archive regions: 2->2
[2025-12-24T10:36:20.931-0500][gc,heap     ] GC(12) Humongous regions: 129->129
[2025-12-24T10:36:20.931-0500][gc,metaspace] GC(12) Metaspace: 48352K(48960K)->48352K(48960K) NonClass: 42796K(43136K)->42796K(43136K) Class: 5555K(5824K)->5555K(5824K)
[2025-12-24T10:36:20.931-0500][gc          ] GC(12) Pause Young (Normal) (G1 Evacuation Pause) 527M->157M(1024M) 3.834ms
[2025-12-24T10:36:20.931-0500][gc,cpu      ] GC(12) User=0.05s Sys=0.04s Real=0.00s
[2025-12-24T10:36:29.966-0500][gc,start    ] GC(13) Pause Young (Normal) (G1 Evacuation Pause)
[2025-12-24T10:36:29.966-0500][gc,task     ] GC(13) Using 43 workers of 43 for evacuation
[2025-12-24T10:36:29.969-0500][gc,phases   ] GC(13)   Pre Evacuate Collection Set: 0.3ms
[2025-12-24T10:36:29.969-0500][gc,phases   ] GC(13)   Merge Heap Roots: 0.4ms
[2025-12-24T10:36:29.969-0500][gc,phases   ] GC(13)   Evacuate Collection Set: 2.0ms
[2025-12-24T10:36:29.969-0500][gc,phases   ] GC(13)   Post Evacuate Collection Set: 0.8ms
[2025-12-24T10:36:29.969-0500][gc,phases   ] GC(13)   Other: 0.2ms
[2025-12-24T10:36:29.969-0500][gc,heap     ] GC(13) Eden regions: 358->0(606)
[2025-12-24T10:36:29.969-0500][gc,heap     ] GC(13) Survivor regions: 7->8(46)
[2025-12-24T10:36:29.969-0500][gc,heap     ] GC(13) Old regions: 22->22
[2025-12-24T10:36:29.969-0500][gc,heap     ] GC(13) Archive regions: 2->2
[2025-12-24T10:36:29.969-0500][gc,heap     ] GC(13) Humongous regions: 129->129
[2025-12-24T10:36:29.969-0500][gc,metaspace] GC(13) Metaspace: 48382K(48960K)->48382K(48960K) NonClass: 42825K(43136K)->42825K(43136K) Class: 5556K(5824K)->5556K(5824K)
[2025-12-24T10:36:29.969-0500][gc          ] GC(13) Pause Young (Normal) (G1 Evacuation Pause) 515M->158M(1024M) 3.806ms
[2025-12-24T10:36:29.969-0500][gc,cpu      ] GC(13) User=0.07s Sys=0.01s Real=0.01s
[2025-12-24T10:36:44.843-0500][gc,start    ] GC(14) Pause Young (Normal) (G1 Evacuation Pause)
[2025-12-24T10:36:44.843-0500][gc,task     ] GC(14) Using 43 workers of 43 for evacuation
[2025-12-24T10:36:44.847-0500][gc,phases   ] GC(14)   Pre Evacuate Collection Set: 0.3ms
[2025-12-24T10:36:44.847-0500][gc,phases   ] GC(14)   Merge Heap Roots: 0.4ms
[2025-12-24T10:36:44.847-0500][gc,phases   ] GC(14)   Evacuate Collection Set: 2.0ms
[2025-12-24T10:36:44.847-0500][gc,phases   ] GC(14)   Post Evacuate Collection Set: 1.0ms
[2025-12-24T10:36:44.847-0500][gc,phases   ] GC(14)   Other: 0.3ms
[2025-12-24T10:36:44.847-0500][gc,heap     ] GC(14) Eden regions: 606->0(605)
[2025-12-24T10:36:44.847-0500][gc,heap     ] GC(14) Survivor regions: 8->9(77)
[2025-12-24T10:36:44.847-0500][gc,heap     ] GC(14) Old regions: 22->22
[2025-12-24T10:36:44.847-0500][gc,heap     ] GC(14) Archive regions: 2->2
[2025-12-24T10:36:44.847-0500][gc,heap     ] GC(14) Humongous regions: 129->129
[2025-12-24T10:36:44.847-0500][gc,metaspace] GC(14) Metaspace: 48677K(49280K)->48677K(49280K) NonClass: 43065K(43392K)->43065K(43392K) Class: 5611K(5888K)->5611K(5888K)
[2025-12-24T10:36:44.847-0500][gc          ] GC(14) Pause Young (Normal) (G1 Evacuation Pause) 764M->159M(1024M) 4.026ms
[2025-12-24T10:36:44.847-0500][gc,cpu      ] GC(14) User=0.08s Sys=0.02s Real=0.01s
[2025-12-24T10:36:59.928-0500][gc,start    ] GC(15) Pause Young (Normal) (G1 Evacuation Pause)
[2025-12-24T10:36:59.929-0500][gc,task     ] GC(15) Using 43 workers of 43 for evacuation
[2025-12-24T10:36:59.933-0500][gc,phases   ] GC(15)   Pre Evacuate Collection Set: 0.3ms
[2025-12-24T10:36:59.933-0500][gc,phases   ] GC(15)   Merge Heap Roots: 0.4ms
[2025-12-24T10:36:59.933-0500][gc,phases   ] GC(15)   Evacuate Collection Set: 2.6ms
[2025-12-24T10:36:59.933-0500][gc,phases   ] GC(15)   Post Evacuate Collection Set: 0.9ms
[2025-12-24T10:36:59.933-0500][gc,phases   ] GC(15)   Other: 0.2ms
[2025-12-24T10:36:59.933-0500][gc,heap     ] GC(15) Eden regions: 605->0(604)
[2025-12-24T10:36:59.933-0500][gc,heap     ] GC(15) Survivor regions: 9->10(77)
[2025-12-24T10:36:59.933-0500][gc,heap     ] GC(15) Old regions: 22->22
[2025-12-24T10:36:59.933-0500][gc,heap     ] GC(15) Archive regions: 2->2
[2025-12-24T10:36:59.933-0500][gc,heap     ] GC(15) Humongous regions: 129->129
[2025-12-24T10:36:59.933-0500][gc,metaspace] GC(15) Metaspace: 48831K(49472K)->48831K(49472K) NonClass: 43219K(43584K)->43219K(43584K) Class: 5611K(5888K)->5611K(5888K)
[2025-12-24T10:36:59.933-0500][gc          ] GC(15) Pause Young (Normal) (G1 Evacuation Pause) 764M->160M(1024M) 4.509ms
[2025-12-24T10:36:59.933-0500][gc,cpu      ] GC(15) User=0.09s Sys=0.01s Real=0.00s
[2025-12-24T10:37:15.162-0500][gc,start    ] GC(16) Pause Young (Normal) (G1 Evacuation Pause)
[2025-12-24T10:37:15.162-0500][gc,task     ] GC(16) Using 43 workers of 43 for evacuation
[2025-12-24T10:37:15.166-0500][gc,phases   ] GC(16)   Pre Evacuate Collection Set: 0.3ms
[2025-12-24T10:37:15.166-0500][gc,phases   ] GC(16)   Merge Heap Roots: 0.5ms
[2025-12-24T10:37:15.166-0500][gc,phases   ] GC(16)   Evacuate Collection Set: 2.3ms
[2025-12-24T10:37:15.166-0500][gc,phases   ] GC(16)   Post Evacuate Collection Set: 0.9ms
[2025-12-24T10:37:15.166-0500][gc,phases   ] GC(16)   Other: 0.2ms
[2025-12-24T10:37:15.166-0500][gc,heap     ] GC(16) Eden regions: 604->0(604)
[2025-12-24T10:37:15.166-0500][gc,heap     ] GC(16) Survivor regions: 10->10(77)
[2025-12-24T10:37:15.166-0500][gc,heap     ] GC(16) Old regions: 22->22
[2025-12-24T10:37:15.166-0500][gc,heap     ] GC(16) Archive regions: 2->2
[2025-12-24T10:37:15.166-0500][gc,heap     ] GC(16) Humongous regions: 129->129
[2025-12-24T10:37:15.166-0500][gc,metaspace] GC(16) Metaspace: 48889K(49472K)->48889K(49472K) NonClass: 43277K(43584K)->43277K(43584K) Class: 5612K(5888K)->5612K(5888K)
[2025-12-24T10:37:15.166-0500][gc          ] GC(16) Pause Young (Normal) (G1 Evacuation Pause) 764M->161M(1024M) 4.255ms
[2025-12-24T10:37:15.166-0500][gc,cpu      ] GC(16) User=0.11s Sys=0.00s Real=0.00s
[2025-12-24T10:37:30.743-0500][gc,start    ] GC(17) Pause Young (Normal) (G1 Evacuation Pause)
[2025-12-24T10:37:30.743-0500][gc,task     ] GC(17) Using 43 workers of 43 for evacuation
[2025-12-24T10:37:30.747-0500][gc,phases   ] GC(17)   Pre Evacuate Collection Set: 0.3ms
[2025-12-24T10:37:30.747-0500][gc,phases   ] GC(17)   Merge Heap Roots: 0.5ms
[2025-12-24T10:37:30.747-0500][gc,phases   ] GC(17)   Evacuate Collection Set: 2.4ms
[2025-12-24T10:37:30.747-0500][gc,phases   ] GC(17)   Post Evacuate Collection Set: 1.0ms
[2025-12-24T10:37:30.747-0500][gc,phases   ] GC(17)   Other: 0.2ms
[2025-12-24T10:37:30.747-0500][gc,heap     ] GC(17) Eden regions: 604->0(603)
[2025-12-24T10:37:30.747-0500][gc,heap     ] GC(17) Survivor regions: 10->11(77)
[2025-12-24T10:37:30.747-0500][gc,heap     ] GC(17) Old regions: 22->22
[2025-12-24T10:37:30.747-0500][gc,heap     ] GC(17) Archive regions: 2->2
[2025-12-24T10:37:30.747-0500][gc,heap     ] GC(17) Humongous regions: 129->129
[2025-12-24T10:37:30.747-0500][gc,metaspace] GC(17) Metaspace: 48907K(49472K)->48907K(49472K) NonClass: 43295K(43584K)->43295K(43584K) Class: 5612K(5888K)->5612K(5888K)
[2025-12-24T10:37:30.747-0500][gc          ] GC(17) Pause Young (Normal) (G1 Evacuation Pause) 765M->161M(1024M) 4.330ms
[2025-12-24T10:37:30.747-0500][gc,cpu      ] GC(17) User=0.10s Sys=0.01s Real=0.01s
[2025-12-24T10:37:45.554-0500][gc,start    ] GC(18) Pause Young (Normal) (G1 Evacuation Pause)
[2025-12-24T10:37:45.554-0500][gc,task     ] GC(18) Using 43 workers of 43 for evacuation
[2025-12-24T10:37:45.558-0500][gc,phases   ] GC(18)   Pre Evacuate Collection Set: 0.3ms
[2025-12-24T10:37:45.558-0500][gc,phases   ] GC(18)   Merge Heap Roots: 0.5ms
[2025-12-24T10:37:45.558-0500][gc,phases   ] GC(18)   Evacuate Collection Set: 2.2ms
[2025-12-24T10:37:45.558-0500][gc,phases   ] GC(18)   Post Evacuate Collection Set: 1.0ms
[2025-12-24T10:37:45.558-0500][gc,phases   ] GC(18)   Other: 0.2ms
[2025-12-24T10:37:45.558-0500][gc,heap     ] GC(18) Eden regions: 603->0(603)
[2025-12-24T10:37:45.558-0500][gc,heap     ] GC(18) Survivor regions: 11->11(77)
[2025-12-24T10:37:45.558-0500][gc,heap     ] GC(18) Old regions: 22->22
[2025-12-24T10:37:45.558-0500][gc,heap     ] GC(18) Archive regions: 2->2
[2025-12-24T10:37:45.558-0500][gc,heap     ] GC(18) Humongous regions: 129->129
[2025-12-24T10:37:45.558-0500][gc,metaspace] GC(18) Metaspace: 48948K(49600K)->48948K(49600K) NonClass: 43335K(43712K)->43335K(43712K) Class: 5612K(5888K)->5612K(5888K)
[2025-12-24T10:37:45.558-0500][gc          ] GC(18) Pause Young (Normal) (G1 Evacuation Pause) 764M->162M(1024M) 4.166ms
[2025-12-24T10:37:45.558-0500][gc,cpu      ] GC(18) User=0.11s Sys=0.00s Real=0.01s
[2025-12-24T10:38:00.852-0500][gc,start    ] GC(19) Pause Young (Normal) (G1 Evacuation Pause)
[2025-12-24T10:38:00.852-0500][gc,task     ] GC(19) Using 43 workers of 43 for evacuation
[2025-12-24T10:38:00.856-0500][gc,phases   ] GC(19)   Pre Evacuate Collection Set: 0.2ms
[2025-12-24T10:38:00.856-0500][gc,phases   ] GC(19)   Merge Heap Roots: 0.5ms
[2025-12-24T10:38:00.856-0500][gc,phases   ] GC(19)   Evacuate Collection Set: 2.2ms
[2025-12-24T10:38:00.856-0500][gc,phases   ] GC(19)   Post Evacuate Collection Set: 1.0ms
[2025-12-24T10:38:00.856-0500][gc,phases   ] GC(19)   Other: 0.2ms
[2025-12-24T10:38:00.856-0500][gc,heap     ] GC(19) Eden regions: 603->0(602)
[2025-12-24T10:38:00.856-0500][gc,heap     ] GC(19) Survivor regions: 11->12(77)
[2025-12-24T10:38:00.856-0500][gc,heap     ] GC(19) Old regions: 22->22
[2025-12-24T10:38:00.856-0500][gc,heap     ] GC(19) Archive regions: 2->2
[2025-12-24T10:38:00.856-0500][gc,heap     ] GC(19) Humongous regions: 129->129
[2025-12-24T10:38:00.856-0500][gc,metaspace] GC(19) Metaspace: 48961K(49600K)->48961K(49600K) NonClass: 43348K(43712K)->43348K(43712K) Class: 5612K(5888K)->5612K(5888K)
[2025-12-24T10:38:00.856-0500][gc          ] GC(19) Pause Young (Normal) (G1 Evacuation Pause) 765M->162M(1024M) 4.096ms
[2025-12-24T10:38:00.856-0500][gc,cpu      ] GC(19) User=0.10s Sys=0.00s Real=0.00s
