[2025-12-24T10:35:31.598-0500][gc] Using G1
[2025-12-24T10:35:31.607-0500][gc,init] Version: 17.0.17+10-Ubuntu-124.04 (release)
[2025-12-24T10:35:31.607-0500][gc,init] CPUs: 64 total, 64 available
[2025-12-24T10:35:31.607-0500][gc,init] Memory: 251G
[2025-12-24T10:35:31.607-0500][gc,init] Large Page Support: Disabled
[2025-12-24T10:35:31.607-0500][gc,init] NUMA Support: Disabled
[2025-12-24T10:35:31.607-0500][gc,init] Compressed Oops: Enabled (32-bit)
[2025-12-24T10:35:31.607-0500][gc,init] Heap Region Size: 1M
[2025-12-24T10:35:31.607-0500][gc,init] Heap Min Capacity: 1G
[2025-12-24T10:35:31.607-0500][gc,init] Heap Initial Capacity: 1G
[2025-12-24T10:35:31.607-0500][gc,init] Heap Max Capacity: 1G
[2025-12-24T10:35:31.607-0500][gc,init] Pre-touch: Disabled
[2025-12-24T10:35:31.607-0500][gc,init] Parallel Workers: 43
[2025-12-24T10:35:31.607-0500][gc,init] Concurrent Workers: 11
[2025-12-24T10:35:31.607-0500][gc,init] Concurrent Refinement Workers: 43
[2025-12-24T10:35:31.607-0500][gc,init] Periodic GC: Disabled
[2025-12-24T10:35:31.612-0500][gc,metaspace] CDS archive(s) mapped at: [0x00007697a3000000-0x00007697a3bca000-0x00007697a3bca000), size 12361728, SharedBaseAddress: 0x00007697a3000000, ArchiveRelocationMode: 1.
[2025-12-24T10:35:31.612-0500][gc,metaspace] Compressed class space mapped at: 0x00007697a4000000-0x00007697e4000000, reserved size: 1073741824
[2025-12-24T10:35:31.612-0500][gc,metaspace] Narrow klass base: 0x00007697a3000000, Narrow klass shift: 0, Narrow klass range: 0x100000000
[2025-12-24T10:35:32.305-0500][gc,start    ] GC(0) Pause Young (Normal) (G1 Evacuation Pause)
[2025-12-24T10:35:32.307-0500][gc,task     ] GC(0) Using 24 workers of 43 for evacuation
[2025-12-24T10:35:32.313-0500][gc,phases   ] GC(0)   Pre Evacuate Collection Set: 0.2ms
[2025-12-24T10:35:32.313-0500][gc,phases   ] GC(0)   Merge Heap Roots: 0.1ms
[2025-12-24T10:35:32.313-0500][gc,phases   ] GC(0)   Evacuate Collection Set: 4.4ms
[2025-12-24T10:35:32.313-0500][gc,phases   ] GC(0)   Post Evacuate Collection Set: 1.1ms
[2025-12-24T10:35:32.313-0500][gc,phases   ] GC(0)   Other: 2.2ms
[2025-12-24T10:35:32.313-0500][gc,heap     ] GC(0) Eden regions: 51->0(44)
[2025-12-24T10:35:32.313-0500][gc,heap     ] GC(0) Survivor regions: 0->7(7)
[2025-12-24T10:35:32.313-0500][gc,heap     ] GC(0) Old regions: 0->2
[2025-12-24T10:35:32.313-0500][gc,heap     ] GC(0) Archive regions: 2->2
[2025-12-24T10:35:32.313-0500][gc,heap     ] GC(0) Humongous regions: 0->0
[2025-12-24T10:35:32.313-0500][gc,metaspace] GC(0) Metaspace: 16859K(17152K)->16859K(17152K) NonClass: 14830K(14976K)->14830K(14976K) Class: 2028K(2176K)->2028K(2176K)
[2025-12-24T10:35:32.313-0500][gc          ] GC(0) Pause Young (Normal) (G1 Evacuation Pause) 51M->9M(1024M) 8.237ms
[2025-12-24T10:35:32.313-0500][gc,cpu      ] GC(0) User=0.08s Sys=0.02s Real=0.00s
[2025-12-24T10:35:32.428-0500][gc,start    ] GC(1) Pause Young (Concurrent Start) (Metadata GC Threshold)
[2025-12-24T10:35:32.428-0500][gc,task     ] GC(1) Using 24 workers of 43 for evacuation
[2025-12-24T10:35:32.431-0500][gc,phases   ] GC(1)   Pre Evacuate Collection Set: 0.2ms
[2025-12-24T10:35:32.431-0500][gc,phases   ] GC(1)   Merge Heap Roots: 0.1ms
[2025-12-24T10:35:32.431-0500][gc,phases   ] GC(1)   Evacuate Collection Set: 2.1ms
[2025-12-24T10:35:32.431-0500][gc,phases   ] GC(1)   Post Evacuate Collection Set: 0.4ms
[2025-12-24T10:35:32.431-0500][gc,phases   ] GC(1)   Other: 0.6ms
[2025-12-24T10:35:32.431-0500][gc,heap     ] GC(1) Eden regions: 15->0(49)
[2025-12-24T10:35:32.431-0500][gc,heap     ] GC(1) Survivor regions: 7->2(7)
[2025-12-24T10:35:32.431-0500][gc,heap     ] GC(1) Old regions: 2->9
[2025-12-24T10:35:32.431-0500][gc,heap     ] GC(1) Archive regions: 2->2
[2025-12-24T10:35:32.431-0500][gc,heap     ] GC(1) Humongous regions: 0->0
[2025-12-24T10:35:32.431-0500][gc,metaspace] GC(1) Metaspace: 21258K(21504K)->21258K(21504K) NonClass: 18954K(19072K)->18954K(19072K) Class: 2303K(2432K)->2303K(2432K)
[2025-12-24T10:35:32.431-0500][gc          ] GC(1) Pause Young (Concurrent Start) (Metadata GC Threshold) 23M->10M(1024M) 3.470ms
[2025-12-24T10:35:32.431-0500][gc,cpu      ] GC(1) User=0.02s Sys=0.01s Real=0.00s
[2025-12-24T10:35:32.431-0500][gc          ] GC(2) Concurrent Mark Cycle
[2025-12-24T10:35:32.431-0500][gc,marking  ] GC(2) Concurrent Clear Claimed Marks
[2025-12-24T10:35:32.431-0500][gc,marking  ] GC(2) Concurrent Clear Claimed Marks 0.016ms
[2025-12-24T10:35:32.431-0500][gc,marking  ] GC(2) Concurrent Scan Root Regions
[2025-12-24T10:35:32.433-0500][gc,marking  ] GC(2) Concurrent Scan Root Regions 1.630ms
[2025-12-24T10:35:32.433-0500][gc,marking  ] GC(2) Concurrent Mark
[2025-12-24T10:35:32.433-0500][gc,marking  ] GC(2) Concurrent Mark From Roots
[2025-12-24T10:35:32.433-0500][gc,task     ] GC(2) Using 11 workers of 11 for marking
[2025-12-24T10:35:32.436-0500][gc,marking  ] GC(2) Concurrent Mark From Roots 3.013ms
[2025-12-24T10:35:32.436-0500][gc,marking  ] GC(2) Concurrent Preclean
[2025-12-24T10:35:32.436-0500][gc,marking  ] GC(2) Concurrent Preclean 0.180ms
[2025-12-24T10:35:32.436-0500][gc,start    ] GC(2) Pause Remark
[2025-12-24T10:35:32.438-0500][gc          ] GC(2) Pause Remark 11M->11M(1024M) 1.441ms
[2025-12-24T10:35:32.438-0500][gc,cpu      ] GC(2) User=0.01s Sys=0.00s Real=0.00s
[2025-12-24T10:35:32.438-0500][gc,marking  ] GC(2) Concurrent Mark 4.695ms
[2025-12-24T10:35:32.438-0500][gc,marking  ] GC(2) Concurrent Rebuild Remembered Sets
[2025-12-24T10:35:32.439-0500][gc,marking  ] GC(2) Concurrent Rebuild Remembered Sets 1.389ms
[2025-12-24T10:35:32.439-0500][gc,start    ] GC(2) Pause Cleanup
[2025-12-24T10:35:32.439-0500][gc          ] GC(2) Pause Cleanup 11M->11M(1024M) 0.098ms
[2025-12-24T10:35:32.439-0500][gc,cpu      ] GC(2) User=0.00s Sys=0.00s Real=0.00s
[2025-12-24T10:35:32.439-0500][gc,marking  ] GC(2) Concurrent Cleanup for Next Mark
[2025-12-24T10:35:32.441-0500][gc,marking  ] GC(2) Concurrent Cleanup for Next Mark 1.254ms
[2025-12-24T10:35:32.441-0500][gc          ] GC(2) Concurrent Mark Cycle 9.316ms
[2025-12-24T10:35:32.854-0500][gc,start    ] GC(3) Pause Young (Prepare Mixed) (G1 Evacuation Pause)
[2025-12-24T10:35:32.856-0500][gc,task     ] GC(3) Using 42 workers of 43 for evacuation
[2025-12-24T10:35:32.859-0500][gc,phases   ] GC(3)   Pre Evacuate Collection Set: 0.3ms
[2025-12-24T10:35:32.859-0500][gc,phases   ] GC(3)   Merge Heap Roots: 0.1ms
[2025-12-24T10:35:32.859-0500][gc,phases   ] GC(3)   Evacuate Collection Set: 2.1ms
[2025-12-24T10:35:32.859-0500][gc,phases   ] GC(3)   Post Evacuate Collection Set: 0.7ms
[2025-12-24T10:35:32.859-0500][gc,phases   ] GC(3)   Other: 1.7ms
[2025-12-24T10:35:32.859-0500][gc,heap     ] GC(3) Eden regions: 49->0(46)
[2025-12-24T10:35:32.859-0500][gc,heap     ] GC(3) Survivor regions: 2->5(7)
[2025-12-24T10:35:32.859-0500][gc,heap     ] GC(3) Old regions: 9->9
[2025-12-24T10:35:32.859-0500][gc,heap     ] GC(3) Archive regions: 2->2
[2025-12-24T10:35:32.859-0500][gc,heap     ] GC(3) Humongous regions: 0->0
[2025-12-24T10:35:32.859-0500][gc,metaspace] GC(3) Metaspace: 32186K(32448K)->32186K(32448K) NonClass: 28584K(28736K)->28584K(28736K) Class: 3601K(3712K)->3601K(3712K)
[2025-12-24T10:35:32.859-0500][gc          ] GC(3) Pause Young (Prepare Mixed) (G1 Evacuation Pause) 59M->13M(1024M) 5.035ms
[2025-12-24T10:35:32.859-0500][gc,cpu      ] GC(3) User=0.06s Sys=0.01s Real=0.00s
[2025-12-24T10:35:33.042-0500][gc,start    ] GC(4) Pause Young (Mixed) (Metadata GC Threshold)
[2025-12-24T10:35:33.042-0500][gc,task     ] GC(4) Using 43 workers of 43 for evacuation
[2025-12-24T10:35:33.048-0500][gc,phases   ] GC(4)   Pre Evacuate Collection Set: 0.2ms
[2025-12-24T10:35:33.048-0500][gc,phases   ] GC(4)   Merge Heap Roots: 0.1ms
[2025-12-24T10:35:33.048-0500][gc,phases   ] GC(4)   Evacuate Collection Set: 4.1ms
[2025-12-24T10:35:33.048-0500][gc,phases   ] GC(4)   Post Evacuate Collection Set: 1.0ms
[2025-12-24T10:35:33.048-0500][gc,phases   ] GC(4)   Other: 0.3ms
[2025-12-24T10:35:33.048-0500][gc,heap     ] GC(4) Eden regions: 27->0(44)
[2025-12-24T10:35:33.048-0500][gc,heap     ] GC(4) Survivor regions: 5->7(7)
[2025-12-24T10:35:33.048-0500][gc,heap     ] GC(4) Old regions: 9->11
[2025-12-24T10:35:33.048-0500][gc,heap     ] GC(4) Archive regions: 2->2
[2025-12-24T10:35:33.048-0500][gc,heap     ] GC(4) Humongous regions: 0->0
[2025-12-24T10:35:33.048-0500][gc,metaspace] GC(4) Metaspace: 35902K(36160K)->35902K(36160K) NonClass: 31925K(32064K)->31925K(32064K) Class: 3976K(4096K)->3976K(4096K)
[2025-12-24T10:35:33.048-0500][gc          ] GC(4) Pause Young (Mixed) (Metadata GC Threshold) 39M->18M(1024M) 5.812ms
[2025-12-24T10:35:33.048-0500][gc,cpu      ] GC(4) User=0.10s Sys=0.02s Real=0.01s
[2025-12-24T10:35:33.059-0500][gc,start    ] GC(5) Pause Young (Concurrent Start) (Metadata GC Threshold)
[2025-12-24T10:35:33.059-0500][gc,task     ] GC(5) Using 43 workers of 43 for evacuation
[2025-12-24T10:35:33.062-0500][gc,phases   ] GC(5)   Pre Evacuate Collection Set: 0.2ms
[2025-12-24T10:35:33.062-0500][gc,phases   ] GC(5)   Merge Heap Roots: 0.1ms
[2025-12-24T10:35:33.062-0500][gc,phases   ] GC(5)   Evacuate Collection Set: 1.9ms
[2025-12-24T10:35:33.062-0500][gc,phases   ] GC(5)   Post Evacuate Collection Set: 0.6ms
[2025-12-24T10:35:33.062-0500][gc,phases   ] GC(5)   Other: 0.2ms
[2025-12-24T10:35:33.062-0500][gc,heap     ] GC(5) Eden regions: 2->0(49)
[2025-12-24T10:35:33.062-0500][gc,heap     ] GC(5) Survivor regions: 7->2(7)
[2025-12-24T10:35:33.062-0500][gc,heap     ] GC(5) Old regions: 11->18
[2025-12-24T10:35:33.062-0500][gc,heap     ] GC(5) Archive regions: 2->2
[2025-12-24T10:35:33.062-0500][gc,heap     ] GC(5) Humongous regions: 0->0
[2025-12-24T10:35:33.062-0500][gc,metaspace] GC(5) Metaspace: 36249K(36480K)->36249K(36480K) NonClass: 32255K(32384K)->32255K(32384K) Class: 3994K(4096K)->3994K(4096K)
[2025-12-24T10:35:33.062-0500][gc          ] GC(5) Pause Young (Concurrent Start) (Metadata GC Threshold) 19M->19M(1024M) 3.059ms
[2025-12-24T10:35:33.062-0500][gc,cpu      ] GC(5) User=0.05s Sys=0.02s Real=0.00s
[2025-12-24T10:35:33.062-0500][gc          ] GC(6) Concurrent Mark Cycle
[2025-12-24T10:35:33.062-0500][gc,marking  ] GC(6) Concurrent Clear Claimed Marks
[2025-12-24T10:35:33.062-0500][gc,marking  ] GC(6) Concurrent Clear Claimed Marks 0.022ms
[2025-12-24T10:35:33.062-0500][gc,marking  ] GC(6) Concurrent Scan Root Regions
[2025-12-24T10:35:33.063-0500][gc,marking  ] GC(6) Concurrent Scan Root Regions 1.023ms
[2025-12-24T10:35:33.063-0500][gc,marking  ] GC(6) Concurrent Mark
[2025-12-24T10:35:33.063-0500][gc,marking  ] GC(6) Concurrent Mark From Roots
[2025-12-24T10:35:33.063-0500][gc,task     ] GC(6) Using 11 workers of 11 for marking
[2025-12-24T10:35:33.067-0500][gc,marking  ] GC(6) Concurrent Mark From Roots 3.410ms
[2025-12-24T10:35:33.067-0500][gc,marking  ] GC(6) Concurrent Preclean
[2025-12-24T10:35:33.067-0500][gc,marking  ] GC(6) Concurrent Preclean 0.484ms
[2025-12-24T10:35:33.067-0500][gc,start    ] GC(6) Pause Remark
[2025-12-24T10:35:33.069-0500][gc          ] GC(6) Pause Remark 20M->20M(1024M) 1.574ms
[2025-12-24T10:35:33.069-0500][gc,cpu      ] GC(6) User=0.03s Sys=0.00s Real=0.00s
[2025-12-24T10:35:33.069-0500][gc,marking  ] GC(6) Concurrent Mark 5.776ms
[2025-12-24T10:35:33.069-0500][gc,marking  ] GC(6) Concurrent Rebuild Remembered Sets
[2025-12-24T10:35:33.071-0500][gc,marking  ] GC(6) Concurrent Rebuild Remembered Sets 1.548ms
[2025-12-24T10:35:33.071-0500][gc,start    ] GC(6) Pause Cleanup
[2025-12-24T10:35:33.071-0500][gc          ] GC(6) Pause Cleanup 20M->20M(1024M) 0.194ms
[2025-12-24T10:35:33.071-0500][gc,cpu      ] GC(6) User=0.00s Sys=0.00s Real=0.00s
[2025-12-24T10:35:33.071-0500][gc,marking  ] GC(6) Concurrent Cleanup for Next Mark
[2025-12-24T10:35:33.072-0500][gc,marking  ] GC(6) Concurrent Cleanup for Next Mark 1.303ms
[2025-12-24T10:35:33.072-0500][gc          ] GC(6) Concurrent Mark Cycle 9.990ms
[2025-12-24T10:36:01.741-0500][gc,start    ] GC(7) Pause Young (Normal) (G1 Evacuation Pause)
[2025-12-24T10:36:01.741-0500][gc,task     ] GC(7) Using 43 workers of 43 for evacuation
[2025-12-24T10:36:01.745-0500][gc,phases   ] GC(7)   Pre Evacuate Collection Set: 0.3ms
[2025-12-24T10:36:01.745-0500][gc,phases   ] GC(7)   Merge Heap Roots: 0.4ms
[2025-12-24T10:36:01.745-0500][gc,phases   ] GC(7)   Evacuate Collection Set: 2.9ms
[2025-12-24T10:36:01.745-0500][gc,phases   ] GC(7)   Post Evacuate Collection Set: 0.9ms
[2025-12-24T10:36:01.745-0500][gc,phases   ] GC(7)   Other: 0.2ms
[2025-12-24T10:36:01.745-0500][gc,heap     ] GC(7) Eden regions: 49->0(47)
[2025-12-24T10:36:01.745-0500][gc,heap     ] GC(7) Survivor regions: 2->4(7)
[2025-12-24T10:36:01.745-0500][gc,heap     ] GC(7) Old regions: 18->18
[2025-12-24T10:36:01.745-0500][gc,heap     ] GC(7) Archive regions: 2->2
[2025-12-24T10:36:01.745-0500][gc,heap     ] GC(7) Humongous regions: 129->129
[2025-12-24T10:36:01.745-0500][gc,metaspace] GC(7) Metaspace: 44165K(44672K)->44165K(44672K) NonClass: 39017K(39296K)->39017K(39296K) Class: 5148K(5376K)->5148K(5376K)
[2025-12-24T10:36:01.745-0500][gc          ] GC(7) Pause Young (Normal) (G1 Evacuation Pause) 197M->151M(1024M) 4.679ms
[2025-12-24T10:36:01.745-0500][gc,cpu      ] GC(7) User=0.08s Sys=0.03s Real=0.01s
[2025-12-24T10:36:07.295-0500][gc,start    ] GC(8) Pause Young (Normal) (G1 Evacuation Pause)
[2025-12-24T10:36:07.295-0500][gc,task     ] GC(8) Using 43 workers of 43 for evacuation
[2025-12-24T10:36:07.299-0500][gc,phases   ] GC(8)   Pre Evacuate Collection Set: 0.3ms
[2025-12-24T10:36:07.299-0500][gc,phases   ] GC(8)   Merge Heap Roots: 0.3ms
[2025-12-24T10:36:07.299-0500][gc,phases   ] GC(8)   Evacuate Collection Set: 2.9ms
[2025-12-24T10:36:07.299-0500][gc,phases   ] GC(8)   Post Evacuate Collection Set: 0.9ms
[2025-12-24T10:36:07.299-0500][gc,phases   ] GC(8)   Other: 0.2ms
[2025-12-24T10:36:07.299-0500][gc,heap     ] GC(8) Eden regions: 47->0(46)
[2025-12-24T10:36:07.299-0500][gc,heap     ] GC(8) Survivor regions: 4->5(7)
[2025-12-24T10:36:07.299-0500][gc,heap     ] GC(8) Old regions: 18->18
[2025-12-24T10:36:07.299-0500][gc,heap     ] GC(8) Archive regions: 2->2
[2025-12-24T10:36:07.299-0500][gc,heap     ] GC(8) Humongous regions: 129->129
[2025-12-24T10:36:07.299-0500][gc,metaspace] GC(8) Metaspace: 46670K(47232K)->46670K(47232K) NonClass: 41342K(41664K)->41342K(41664K) Class: 5327K(5568K)->5327K(5568K)
[2025-12-24T10:36:07.299-0500][gc          ] GC(8) Pause Young (Normal) (G1 Evacuation Pause) 198M->152M(1024M) 4.526ms
[2025-12-24T10:36:07.299-0500][gc,cpu      ] GC(8) User=0.08s Sys=0.02s Real=0.00s
[2025-12-24T10:36:08.825-0500][gc,start    ] GC(9) Pause Young (Normal) (G1 Evacuation Pause)
[2025-12-24T10:36:08.826-0500][gc,task     ] GC(9) Using 43 workers of 43 for evacuation
[2025-12-24T10:36:08.829-0500][gc,phases   ] GC(9)   Pre Evacuate Collection Set: 0.3ms
[2025-12-24T10:36:08.829-0500][gc,phases   ] GC(9)   Merge Heap Roots: 0.3ms
[2025-12-24T10:36:08.829-0500][gc,phases   ] GC(9)   Evacuate Collection Set: 2.3ms
[2025-12-24T10:36:08.829-0500][gc,phases   ] GC(9)   Post Evacuate Collection Set: 0.8ms
[2025-12-24T10:36:08.829-0500][gc,phases   ] GC(9)   Other: 0.2ms
[2025-12-24T10:36:08.829-0500][gc,heap     ] GC(9) Eden regions: 46->0(53)
[2025-12-24T10:36:08.829-0500][gc,heap     ] GC(9) Survivor regions: 5->3(7)
[2025-12-24T10:36:08.829-0500][gc,heap     ] GC(9) Old regions: 18->22
[2025-12-24T10:36:08.829-0500][gc,heap     ] GC(9) Archive regions: 2->2
[2025-12-24T10:36:08.829-0500][gc,heap     ] GC(9) Humongous regions: 129->129
[2025-12-24T10:36:08.829-0500][gc,metaspace] GC(9) Metaspace: 46929K(47424K)->46929K(47424K) NonClass: 41593K(41856K)->41593K(41856K) Class: 5336K(5568K)->5336K(5568K)
[2025-12-24T10:36:08.829-0500][gc          ] GC(9) Pause Young (Normal) (G1 Evacuation Pause) 198M->153M(1024M) 3.841ms
[2025-12-24T10:36:08.829-0500][gc,cpu      ] GC(9) User=0.05s Sys=0.04s Real=0.00s
[2025-12-24T10:36:10.643-0500][gc,start    ] GC(10) Pause Young (Normal) (G1 Evacuation Pause)
[2025-12-24T10:36:10.643-0500][gc,task     ] GC(10) Using 43 workers of 43 for evacuation
[2025-12-24T10:36:10.646-0500][gc,phases   ] GC(10)   Pre Evacuate Collection Set: 0.3ms
[2025-12-24T10:36:10.646-0500][gc,phases   ] GC(10)   Merge Heap Roots: 0.3ms
[2025-12-24T10:36:10.646-0500][gc,phases   ] GC(10)   Evacuate Collection Set: 1.6ms
[2025-12-24T10:36:10.647-0500][gc,phases   ] GC(10)   Post Evacuate Collection Set: 1.0ms
[2025-12-24T10:36:10.647-0500][gc,phases   ] GC(10)   Other: 0.2ms
[2025-12-24T10:36:10.647-0500][gc,heap     ] GC(10) Eden regions: 53->0(276)
[2025-12-24T10:36:10.647-0500][gc,heap     ] GC(10) Survivor regions: 3->4(7)
[2025-12-24T10:36:10.647-0500][gc,heap     ] GC(10) Old regions: 22->22
[2025-12-24T10:36:10.647-0500][gc,heap     ] GC(10) Archive regions: 2->2
[2025-12-24T10:36:10.647-0500][gc,heap     ] GC(10) Humongous regions: 129->129
[2025-12-24T10:36:10.647-0500][gc,metaspace] GC(10) Metaspace: 46964K(47488K)->46964K(47488K) NonClass: 41627K(41920K)->41627K(41920K) Class: 5336K(5568K)->5336K(5568K)
[2025-12-24T10:36:10.647-0500][gc          ] GC(10) Pause Young (Normal) (G1 Evacuation Pause) 206M->154M(1024M) 3.570ms
[2025-12-24T10:36:10.647-0500][gc,cpu      ] GC(10) User=0.04s Sys=0.01s Real=0.01s
[2025-12-24T10:36:21.150-0500][gc,start    ] GC(11) Pause Young (Normal) (G1 Evacuation Pause)
[2025-12-24T10:36:21.150-0500][gc,task     ] GC(11) Using 43 workers of 43 for evacuation
[2025-12-24T10:36:21.153-0500][gc,phases   ] GC(11)   Pre Evacuate Collection Set: 0.3ms
[2025-12-24T10:36:21.153-0500][gc,phases   ] GC(11)   Merge Heap Roots: 0.4ms
[2025-12-24T10:36:21.153-0500][gc,phases   ] GC(11)   Evacuate Collection Set: 1.6ms
[2025-12-24T10:36:21.153-0500][gc,phases   ] GC(11)   Post Evacuate Collection Set: 0.8ms
[2025-12-24T10:36:21.153-0500][gc,phases   ] GC(11)   Other: 0.3ms
[2025-12-24T10:36:21.153-0500][gc,heap     ] GC(11) Eden regions: 276->0(225)
[2025-12-24T10:36:21.153-0500][gc,heap     ] GC(11) Survivor regions: 4->6(35)
[2025-12-24T10:36:21.153-0500][gc,heap     ] GC(11) Old regions: 22->22
[2025-12-24T10:36:21.153-0500][gc,heap     ] GC(11) Archive regions: 2->2
[2025-12-24T10:36:21.153-0500][gc,heap     ] GC(11) Humongous regions: 129->129
[2025-12-24T10:36:21.153-0500][gc,metaspace] GC(11) Metaspace: 47155K(47744K)->47155K(47744K) NonClass: 41788K(42112K)->41788K(42112K) Class: 5366K(5632K)->5366K(5632K)
[2025-12-24T10:36:21.153-0500][gc          ] GC(11) Pause Young (Normal) (G1 Evacuation Pause) 430M->156M(1024M) 3.446ms
[2025-12-24T10:36:21.153-0500][gc,cpu      ] GC(11) User=0.06s Sys=0.02s Real=0.00s
[2025-12-24T10:36:29.907-0500][gc,start    ] GC(12) Pause Young (Normal) (G1 Evacuation Pause)
[2025-12-24T10:36:29.907-0500][gc,task     ] GC(12) Using 43 workers of 43 for evacuation
[2025-12-24T10:36:29.910-0500][gc,phases   ] GC(12)   Pre Evacuate Collection Set: 0.3ms
[2025-12-24T10:36:29.910-0500][gc,phases   ] GC(12)   Merge Heap Roots: 0.4ms
[2025-12-24T10:36:29.910-0500][gc,phases   ] GC(12)   Evacuate Collection Set: 1.5ms
[2025-12-24T10:36:29.910-0500][gc,phases   ] GC(12)   Post Evacuate Collection Set: 0.7ms
[2025-12-24T10:36:29.910-0500][gc,phases   ] GC(12)   Other: 0.3ms
[2025-12-24T10:36:29.910-0500][gc,heap     ] GC(12) Eden regions: 225->0(384)
[2025-12-24T10:36:29.910-0500][gc,heap     ] GC(12) Survivor regions: 6->7(29)
[2025-12-24T10:36:29.910-0500][gc,heap     ] GC(12) Old regions: 22->22
[2025-12-24T10:36:29.910-0500][gc,heap     ] GC(12) Archive regions: 2->2
[2025-12-24T10:36:29.910-0500][gc,heap     ] GC(12) Humongous regions: 129->129
[2025-12-24T10:36:29.910-0500][gc,metaspace] GC(12) Metaspace: 47184K(47808K)->47184K(47808K) NonClass: 41817K(42176K)->41817K(42176K) Class: 5366K(5632K)->5366K(5632K)
[2025-12-24T10:36:29.910-0500][gc          ] GC(12) Pause Young (Normal) (G1 Evacuation Pause) 381M->157M(1024M) 3.146ms
[2025-12-24T10:36:29.910-0500][gc,cpu      ] GC(12) User=0.07s Sys=0.00s Real=0.00s
[2025-12-24T10:36:45.787-0500][gc,start    ] GC(13) Pause Young (Normal) (G1 Evacuation Pause)
[2025-12-24T10:36:45.787-0500][gc,task     ] GC(13) Using 43 workers of 43 for evacuation
[2025-12-24T10:36:45.791-0500][gc,phases   ] GC(13)   Pre Evacuate Collection Set: 0.3ms
[2025-12-24T10:36:45.791-0500][gc,phases   ] GC(13)   Merge Heap Roots: 0.4ms
[2025-12-24T10:36:45.791-0500][gc,phases   ] GC(13)   Evacuate Collection Set: 2.2ms
[2025-12-24T10:36:45.791-0500][gc,phases   ] GC(13)   Post Evacuate Collection Set: 1.0ms
[2025-12-24T10:36:45.791-0500][gc,phases   ] GC(13)   Other: 0.3ms
[2025-12-24T10:36:45.791-0500][gc,heap     ] GC(13) Eden regions: 384->0(606)
[2025-12-24T10:36:45.791-0500][gc,heap     ] GC(13) Survivor regions: 7->8(49)
[2025-12-24T10:36:45.791-0500][gc,heap     ] GC(13) Old regions: 22->22
[2025-12-24T10:36:45.791-0500][gc,heap     ] GC(13) Archive regions: 2->2
[2025-12-24T10:36:45.791-0500][gc,heap     ] GC(13) Humongous regions: 129->129
[2025-12-24T10:36:45.791-0500][gc,metaspace] GC(13) Metaspace: 47445K(48000K)->47445K(48000K) NonClass: 42030K(42368K)->42030K(42368K) Class: 5414K(5632K)->5414K(5632K)
[2025-12-24T10:36:45.791-0500][gc          ] GC(13) Pause Young (Normal) (G1 Evacuation Pause) 541M->158M(1024M) 4.189ms
[2025-12-24T10:36:45.791-0500][gc,cpu      ] GC(13) User=0.07s Sys=0.02s Real=0.00s
[2025-12-24T10:37:10.973-0500][gc,start    ] GC(14) Pause Young (Normal) (G1 Evacuation Pause)
[2025-12-24T10:37:10.973-0500][gc,task     ] GC(14) Using 43 workers of 43 for evacuation
[2025-12-24T10:37:10.977-0500][gc,phases   ] GC(14)   Pre Evacuate Collection Set: 0.2ms
[2025-12-24T10:37:10.977-0500][gc,phases   ] GC(14)   Merge Heap Roots: 0.5ms
[2025-12-24T10:37:10.977-0500][gc,phases   ] GC(14)   Evacuate Collection Set: 1.8ms
[2025-12-24T10:37:10.977-0500][gc,phases   ] GC(14)   Post Evacuate Collection Set: 1.0ms
[2025-12-24T10:37:10.977-0500][gc,phases   ] GC(14)   Other: 0.3ms
[2025-12-24T10:37:10.977-0500][gc,heap     ] GC(14) Eden regions: 606->0(605)
[2025-12-24T10:37:10.977-0500][gc,heap     ] GC(14) Survivor regions: 8->9(77)
[2025-12-24T10:37:10.977-0500][gc,heap     ] GC(14) Old regions: 22->22
[2025-12-24T10:37:10.977-0500][gc,heap     ] GC(14) Archive regions: 2->2
[2025-12-24T10:37:10.977-0500][gc,heap     ] GC(14) Humongous regions: 129->129
[2025-12-24T10:37:10.977-0500][gc,metaspace] GC(14) Metaspace: 47636K(48192K)->47636K(48192K) NonClass: 42222K(42560K)->42222K(42560K) Class: 5414K(5632K)->5414K(5632K)
[2025-12-24T10:37:10.977-0500][gc          ] GC(14) Pause Young (Normal) (G1 Evacuation Pause) 764M->159M(1024M) 3.887ms
[2025-12-24T10:37:10.977-0500][gc,cpu      ] GC(14) User=0.09s Sys=0.01s Real=0.01s
[2025-12-24T10:37:37.103-0500][gc,start    ] GC(15) Pause Young (Normal) (G1 Evacuation Pause)
[2025-12-24T10:37:37.103-0500][gc,task     ] GC(15) Using 43 workers of 43 for evacuation
[2025-12-24T10:37:37.107-0500][gc,phases   ] GC(15)   Pre Evacuate Collection Set: 0.3ms
[2025-12-24T10:37:37.107-0500][gc,phases   ] GC(15)   Merge Heap Roots: 0.5ms
[2025-12-24T10:37:37.107-0500][gc,phases   ] GC(15)   Evacuate Collection Set: 1.7ms
[2025-12-24T10:37:37.107-0500][gc,phases   ] GC(15)   Post Evacuate Collection Set: 0.8ms
[2025-12-24T10:37:37.107-0500][gc,phases   ] GC(15)   Other: 0.2ms
[2025-12-24T10:37:37.107-0500][gc,heap     ] GC(15) Eden regions: 605->0(604)
[2025-12-24T10:37:37.107-0500][gc,heap     ] GC(15) Survivor regions: 9->10(77)
[2025-12-24T10:37:37.107-0500][gc,heap     ] GC(15) Old regions: 22->22
[2025-12-24T10:37:37.107-0500][gc,heap     ] GC(15) Archive regions: 2->2
[2025-12-24T10:37:37.107-0500][gc,heap     ] GC(15) Humongous regions: 129->129
[2025-12-24T10:37:37.107-0500][gc,metaspace] GC(15) Metaspace: 47688K(48192K)->47688K(48192K) NonClass: 42273K(42560K)->42273K(42560K) Class: 5414K(5632K)->5414K(5632K)
[2025-12-24T10:37:37.107-0500][gc          ] GC(15) Pause Young (Normal) (G1 Evacuation Pause) 764M->160M(1024M) 3.593ms
[2025-12-24T10:37:37.107-0500][gc,cpu      ] GC(15) User=0.08s Sys=0.01s Real=0.01s
[2025-12-24T10:38:01.165-0500][gc,start    ] GC(16) Pause Young (Normal) (G1 Evacuation Pause)
[2025-12-24T10:38:01.165-0500][gc,task     ] GC(16) Using 43 workers of 43 for evacuation
[2025-12-24T10:38:01.169-0500][gc,phases   ] GC(16)   Pre Evacuate Collection Set: 0.2ms
[2025-12-24T10:38:01.169-0500][gc,phases   ] GC(16)   Merge Heap Roots: 0.5ms
[2025-12-24T10:38:01.169-0500][gc,phases   ] GC(16)   Evacuate Collection Set: 2.2ms
[2025-12-24T10:38:01.169-0500][gc,phases   ] GC(16)   Post Evacuate Collection Set: 0.9ms
[2025-12-24T10:38:01.169-0500][gc,phases   ] GC(16)   Other: 0.2ms
[2025-12-24T10:38:01.169-0500][gc,heap     ] GC(16) Eden regions: 604->0(604)
[2025-12-24T10:38:01.169-0500][gc,heap     ] GC(16) Survivor regions: 10->10(77)
[2025-12-24T10:38:01.169-0500][gc,heap     ] GC(16) Old regions: 22->22
[2025-12-24T10:38:01.169-0500][gc,heap     ] GC(16) Archive regions: 2->2
[2025-12-24T10:38:01.169-0500][gc,heap     ] GC(16) Humongous regions: 129->129
[2025-12-24T10:38:01.169-0500][gc,metaspace] GC(16) Metaspace: 47717K(48256K)->47717K(48256K) NonClass: 42302K(42624K)->42302K(42624K) Class: 5414K(5632K)->5414K(5632K)
[2025-12-24T10:38:01.169-0500][gc          ] GC(16) Pause Young (Normal) (G1 Evacuation Pause) 764M->161M(1024M) 4.035ms
[2025-12-24T10:38:01.169-0500][gc,cpu      ] GC(16) User=0.10s Sys=0.00s Real=0.00s
